Archive member included because of file (symbol)

archival/lib.a(bbunzip.o)     applets/built-in.o (gunzip_main)
archival/lib.a(gzip.o)        applets/built-in.o (gzip_main)
archival/lib.a(tar.o)         applets/built-in.o (tar_main)
archival/libunarchive/lib.a(check_header_gzip.o)
                              archival/lib.a(bbunzip.o) (check_header_gzip_or_die)
archival/libunarchive/lib.a(data_extract_all.o)
                              archival/lib.a(tar.o) (data_extract_all)
archival/libunarchive/lib.a(data_extract_to_stdout.o)
                              archival/lib.a(tar.o) (data_extract_to_stdout)
archival/libunarchive/lib.a(data_skip.o)
                              archival/libunarchive/lib.a(data_extract_all.o) (data_skip)
archival/libunarchive/lib.a(decompress_bunzip2.o)
                              applets/built-in.o (read_bunzip)
archival/libunarchive/lib.a(decompress_uncompress.o)
                              archival/lib.a(bbunzip.o) (uncompress)
archival/libunarchive/lib.a(decompress_unzip.o)
                              archival/lib.a(bbunzip.o) (unpack_gz_stream)
archival/libunarchive/lib.a(filter_accept_reject_list.o)
                              archival/lib.a(tar.o) (filter_accept_reject_list)
archival/libunarchive/lib.a(find_list_entry.o)
                              archival/lib.a(tar.o) (find_list_entry)
archival/libunarchive/lib.a(get_header_tar.o)
                              archival/lib.a(tar.o) (get_header_tar)
archival/libunarchive/lib.a(get_header_tar_gz.o)
                              archival/lib.a(tar.o) (get_header_tar_gz)
archival/libunarchive/lib.a(header_list.o)
                              archival/lib.a(tar.o) (header_list)
archival/libunarchive/lib.a(header_verbose_list.o)
                              archival/lib.a(tar.o) (header_verbose_list)
archival/libunarchive/lib.a(init_handle.o)
                              archival/lib.a(tar.o) (init_handle)
archival/libunarchive/lib.a(open_transformer.o)
                              archival/libunarchive/lib.a(get_header_tar_gz.o) (open_transformer)
archival/libunarchive/lib.a(seek_by_jump.o)
                              archival/libunarchive/lib.a(init_handle.o) (seek_by_jump)
archival/libunarchive/lib.a(seek_by_read.o)
                              archival/lib.a(tar.o) (seek_by_read)
archival/libunarchive/lib.a(data_align.o)
                              archival/libunarchive/lib.a(get_header_tar.o) (data_align)
archival/libunarchive/lib.a(filter_accept_all.o)
                              archival/libunarchive/lib.a(init_handle.o) (filter_accept_all)
archival/libunarchive/lib.a(header_skip.o)
                              archival/libunarchive/lib.a(init_handle.o) (header_skip)
console-tools/lib.a(clear.o)  applets/built-in.o (clear_main)
console-tools/lib.a(reset.o)  applets/built-in.o (reset_main)
coreutils/lib.a(basename.o)   applets/built-in.o (basename_main)
coreutils/lib.a(cat.o)        applets/built-in.o (cat_main)
coreutils/lib.a(chmod.o)      applets/built-in.o (chmod_main)
coreutils/lib.a(cp.o)         applets/built-in.o (cp_main)
coreutils/lib.a(cut.o)        applets/built-in.o (cut_main)
coreutils/lib.a(date.o)       applets/built-in.o (date_main)
coreutils/lib.a(df.o)         applets/built-in.o (df_main)
coreutils/lib.a(dirname.o)    applets/built-in.o (dirname_main)
coreutils/lib.a(du.o)         applets/built-in.o (du_main)
coreutils/lib.a(echo.o)       applets/built-in.o (echo_main)
coreutils/lib.a(env.o)        applets/built-in.o (env_main)
coreutils/lib.a(expr.o)       applets/built-in.o (expr_main)
coreutils/lib.a(false.o)      applets/built-in.o (false_main)
coreutils/lib.a(head.o)       applets/built-in.o (head_main)
coreutils/lib.a(hostid.o)     applets/built-in.o (hostid_main)
coreutils/lib.a(id.o)         applets/built-in.o (id_main)
coreutils/lib.a(ln.o)         applets/built-in.o (ln_main)
coreutils/lib.a(ls.o)         applets/built-in.o (ls_main)
coreutils/lib.a(md5_sha1_sum.o)
                              applets/built-in.o (md5_sha1_sum_main)
coreutils/lib.a(mkdir.o)      applets/built-in.o (mkdir_main)
coreutils/lib.a(mkfifo.o)     applets/built-in.o (mkfifo_main)
coreutils/lib.a(mknod.o)      applets/built-in.o (mknod_main)
coreutils/lib.a(mv.o)         applets/built-in.o (mv_main)
coreutils/lib.a(nice.o)       applets/built-in.o (nice_main)
coreutils/lib.a(printenv.o)   applets/built-in.o (printenv_main)
coreutils/lib.a(printf.o)     applets/built-in.o (printf_main)
coreutils/lib.a(pwd.o)        applets/built-in.o (pwd_main)
coreutils/lib.a(rm.o)         applets/built-in.o (rm_main)
coreutils/lib.a(rmdir.o)      applets/built-in.o (rmdir_main)
coreutils/lib.a(sleep.o)      applets/built-in.o (sleep_main)
coreutils/lib.a(tail.o)       applets/built-in.o (tail_main)
coreutils/lib.a(test.o)       applets/built-in.o (test_main)
coreutils/lib.a(touch.o)      applets/built-in.o (touch_main)
coreutils/lib.a(tr.o)         applets/built-in.o (tr_main)
[...]
Memory Configuration

Name             Origin             Length             Attributes
*default*        0x00000000         0xffffffff

Linker script and memory map

LOAD /projects/hnd/tools/linux/hndtools-arm-linux-2.6.36-uclibc-4.5.3/arm-brcm-linux-uclibcgnueabi/sysroot/usr/lib/crt1.o
LOAD /projects/hnd/tools/linux/hndtools-arm-linux-2.6.36-uclibc-4.5.3/arm-brcm-linux-uclibcgnueabi/sysroot/usr/lib/crti.o
LOAD /projects/hnd/tools/linux/hndtools-arm-linux-2.6.36-uclibc-4.5.3/lib/gcc/arm-brcm-linux-uclibcgnueabi/4.5.3/crtbegin.o
START GROUP
LOAD applets/built-in.o
LOAD archival/lib.a
LOAD archival/libunarchive/lib.a
LOAD console-tools/lib.a
LOAD coreutils/lib.a
LOAD coreutils/libcoreutils/lib.a
LOAD debianutils/lib.a
LOAD e2fsprogs/lib.a
LOAD editors/lib.a
LOAD findutils/lib.a
LOAD init/lib.a
LOAD ipsvd/lib.a
LOAD libbb/lib.a
LOAD libpwdgrp/lib.a
LOAD loginutils/lib.a
LOAD miscutils/lib.a
LOAD modutils/lib.a
LOAD networking/lib.a
LOAD networking/libiproute/lib.a
LOAD networking/udhcp/lib.a
LOAD procps/lib.a
LOAD runit/lib.a
LOAD selinux/lib.a
LOAD shell/lib.a
LOAD sysklogd/lib.a
LOAD util-linux/lib.a
LOAD archival/built-in.o
LOAD archival/libunarchive/built-in.o
LOAD console-tools/built-in.o
LOAD coreutils/built-in.o
LOAD coreutils/libcoreutils/built-in.o
LOAD debianutils/built-in.o
LOAD e2fsprogs/built-in.o
LOAD editors/built-in.o
LOAD findutils/built-in.o
LOAD init/built-in.o
LOAD ipsvd/built-in.o
LOAD libbb/built-in.o
LOAD libpwdgrp/built-in.o
LOAD loginutils/built-in.o
LOAD miscutils/built-in.o
LOAD modutils/built-in.o
LOAD networking/built-in.o
LOAD networking/libiproute/built-in.o
LOAD networking/udhcp/built-in.o
LOAD procps/built-in.o
LOAD runit/built-in.o
LOAD selinux/built-in.o
LOAD shell/built-in.o
LOAD sysklogd/built-in.o
LOAD util-linux/built-in.o
END GROUP
START GROUP
LOAD /projects/hnd/tools/linux/hndtools-arm-linux-2.6.36-uclibc-4.5.3/arm-brcm-linux-uclibcgnueabi/sysroot/usr/lib/libcrypt.so
LOAD /projects/hnd/tools/linux/hndtools-arm-linux-2.6.36-uclibc-4.5.3/arm-brcm-linux-uclibcgnueabi/sysroot/usr/lib/libm.so
END GROUP
LOAD /projects/hnd/tools/linux/hndtools-arm-linux-2.6.36-uclibc-4.5.3/lib/gcc/arm-brcm-linux-uclibcgnueabi/4.5.3/libgcc.a
LOAD /projects/hnd/tools/linux/hndtools-arm-linux-2.6.36-uclibc-4.5.3/lib/gcc/arm-brcm-linux-uclibcgnueabi/4.5.3/../../../../arm-brcm-linux-uclibcgnueabi/lib/libgcc_s.so
START GROUP
LOAD /projects/hnd/tools/linux/hndtools-arm-linux-2.6.36-uclibc-4.5.3/lib/gcc/arm-brcm-linux-uclibcgnueabi/4.5.3/../../../../arm-brcm-linux-uclibcgnueabi/lib/libgcc_s.so.1
LOAD /projects/hnd/tools/linux/hndtools-arm-linux-2.6.36-uclibc-4.5.3/lib/gcc/arm-brcm-linux-uclibcgnueabi/4.5.3/libgcc.a
END GROUP
LOAD /projects/hnd/tools/linux/hndtools-arm-linux-2.6.36-uclibc-4.5.3/arm-brcm-linux-uclibcgnueabi/sysroot/usr/lib/libc.so
START GROUP
LOAD /projects/hnd/tools/linux/hndtools-arm-linux-2.6.36-uclibc-4.5.3/arm-brcm-linux-uclibcgnueabi/sysroot/lib/libc.so.0
LOAD /projects/hnd/tools/linux/hndtools-arm-linux-2.6.36-uclibc-4.5.3/arm-brcm-linux-uclibcgnueabi/sysroot/usr/lib/uclibc_nonshared.a
LOAD /projects/hnd/tools/linux/hndtools-arm-linux-2.6.36-uclibc-4.5.3/arm-brcm-linux-uclibcgnueabi/sysroot/lib/ld-uClibc.so.0
END GROUP
LOAD /projects/hnd/tools/linux/hndtools-arm-linux-2.6.36-uclibc-4.5.3/lib/gcc/arm-brcm-linux-uclibcgnueabi/4.5.3/libgcc.a
LOAD /projects/hnd/tools/linux/hndtools-arm-linux-2.6.36-uclibc-4.5.3/lib/gcc/arm-brcm-linux-uclibcgnueabi/4.5.3/../../../../arm-brcm-linux-uclibcgnueabi/lib/libgcc_s.so
START GROUP
LOAD /projects/hnd/tools/linux/hndtools-arm-linux-2.6.36-uclibc-4.5.3/lib/gcc/arm-brcm-linux-uclibcgnueabi/4.5.3/../../../../arm-brcm-linux-uclibcgnueabi/lib/libgcc_s.so.1
LOAD /projects/hnd/tools/linux/hndtools-arm-linux-2.6.36-uclibc-4.5.3/lib/gcc/arm-brcm-linux-uclibcgnueabi/4.5.3/libgcc.a
END GROUP
LOAD /projects/hnd/tools/linux/hndtools-arm-linux-2.6.36-uclibc-4.5.3/lib/gcc/arm-brcm-linux-uclibcgnueabi/4.5.3/crtend.o
LOAD /projects/hnd/tools/linux/hndtools-arm-linux-2.6.36-uclibc-4.5.3/arm-brcm-linux-uclibcgnueabi/sysroot/usr/lib/crtn.o
                0x00008000                PROVIDE (__executable_start, 0x8000)
                0x00008114                . = (0x8000 + SIZEOF_HEADERS)

.interp         0x00008114       0x14
 *(.interp)
 .interp        0x00008114       0x14 /projects/hnd/tools/linux/hndtools-arm-linux-2.6.36-uclibc-4.5.3/arm-brcm-linux-uclibcgnueabi/sysroot/usr/lib/libcrypt.so

.note.gnu.build-id
 *(.note.gnu.build-id)

.hash           0x00008128      0x948
 *(.hash)
 .hash          0x00008128      0x948 /projects/hnd/tools/linux/hndtools-arm-linux-2.6.36-uclibc-4.5.3/arm-brcm-linux-uclibcgnueabi/sysroot/usr/lib/libcrypt.so

.gnu.hash
 *(.gnu.hash)

.dynsym         0x00008a70     0x1490
 *(.dynsym)
 .dynsym        0x00008a70     0x1490 /projects/hnd/tools/linux/hndtools-arm-linux-2.6.36-uclibc-4.5.3/arm-brcm-linux-uclibcgnueabi/sysroot/usr/lib/libcrypt.so

.dynstr         0x00009f00      0xa84
 *(.dynstr)
 .dynstr        0x00009f00      0xa84 /projects/hnd/tools/linux/hndtools-arm-linux-2.6.36-uclibc-4.5.3/arm-brcm-linux-uclibcgnueabi/sysroot/usr/lib/libcrypt.so

.gnu.version    0x0000a984      0x292
 *(.gnu.version)
 .gnu.version   0x0000a984      0x292 /projects/hnd/tools/linux/hndtools-arm-linux-2.6.36-uclibc-4.5.3/arm-brcm-linux-uclibcgnueabi/sysroot/usr/lib/libcrypt.so

.gnu.version_d  0x0000ac18        0x0
 *(.gnu.version_d)
 .gnu.version_d
                0x00000000        0x0 /projects/hnd/tools/linux/hndtools-arm-linux-2.6.36-uclibc-4.5.3/arm-brcm-linux-uclibcgnueabi/sysroot/usr/lib/libcrypt.so

.gnu.version_r  0x0000ac18       0x20
 *(.gnu.version_r)
 .gnu.version_r
                0x0000ac18       0x20 /projects/hnd/tools/linux/hndtools-arm-linux-2.6.36-uclibc-4.5.3/arm-brcm-linux-uclibcgnueabi/sysroot/usr/lib/libcrypt.so

.rel.dyn        0x0000ac38       0x38
 *(.rel.init)
 *(.rel.text .rel.text.* .rel.gnu.linkonce.t.*)
 *(.rel.fini)
 *(.rel.rodata .rel.rodata.* .rel.gnu.linkonce.r.*)
 *(.rel.data.rel.ro* .rel.gnu.linkonce.d.rel.ro.*)
 *(.rel.data .rel.data.* .rel.gnu.linkonce.d.*)
 *(.rel.tdata .rel.tdata.* .rel.gnu.linkonce.td.*)
 *(.rel.tbss .rel.tbss.* .rel.gnu.linkonce.tb.*)
 *(.rel.ctors)
 *(.rel.dtors)
 *(.rel.got)
 .rel.got       0x00000000        0x0 /projects/hnd/tools/linux/hndtools-arm-linux-2.6.36-uclibc-4.5.3/arm-brcm-linux-uclibcgnueabi/sysroot/usr/lib/libcrypt.so
 *(.rel.bss .rel.bss.* .rel.gnu.linkonce.b.*)
 .rel.bss       0x0000ac38       0x38 /projects/hnd/tools/linux/hndtools-arm-linux-2.6.36-uclibc-4.5.3/arm-brcm-linux-uclibcgnueabi/sysroot/usr/lib/libcrypt.so
                0x0000ac70                PROVIDE (__rel_iplt_start, .)
 *(.rel.iplt)
                0x0000ac70                PROVIDE (__rel_iplt_end, .)
                0x0000ac70                PROVIDE (__rela_iplt_start, .)
                0x0000ac70                PROVIDE (__rela_iplt_end, .)

.rela.dyn       0x0000ac70        0x0
 *(.rela.init)
 *(.rela.text .rela.text.* .rela.gnu.linkonce.t.*)
 *(.rela.fini)
 *(.rela.rodata .rela.rodata.* .rela.gnu.linkonce.r.*)
 *(.rela.data .rela.data.* .rela.gnu.linkonce.d.*)
 *(.rela.tdata .rela.tdata.* .rela.gnu.linkonce.td.*)
 *(.rela.tbss .rela.tbss.* .rela.gnu.linkonce.tb.*)
 *(.rela.ctors)
 *(.rela.dtors)
 *(.rela.got)
 *(.rela.bss .rela.bss.* .rela.gnu.linkonce.b.*)
                0x0000ac70                PROVIDE (__rel_iplt_start, .)
                0x0000ac70                PROVIDE (__rel_iplt_end, .)
                0x0000ac70                PROVIDE (__rela_iplt_start, .)
 *(.rela.iplt)
                0x0000ac70                PROVIDE (__rela_iplt_end, .)

.rel.plt        0x0000ac70      0x998
 *(.rel.plt)
 .rel.plt       0x0000ac70      0x998 /projects/hnd/tools/linux/hndtools-arm-linux-2.6.36-uclibc-4.5.3/arm-brcm-linux-uclibcgnueabi/sysroot/usr/lib/libcrypt.so

.rela.plt
 *(.rela.plt)

.init           0x0000b608       0x10
 *(.init)
 .init          0x0000b608        0xc /projects/hnd/tools/linux/hndtools-arm-linux-2.6.36-uclibc-4.5.3/arm-brcm-linux-uclibcgnueabi/sysroot/usr/lib/crti.o
                0x0000b608                _init
 .init          0x0000b614        0x4 /projects/hnd/tools/linux/hndtools-arm-linux-2.6.36-uclibc-4.5.3/arm-brcm-linux-uclibcgnueabi/sysroot/usr/lib/crtn.o

.plt            0x0000b618      0xe78
 *(.plt)
 .plt           0x0000b618      0xe78 /projects/hnd/tools/linux/hndtools-arm-linux-2.6.36-uclibc-4.5.3/arm-brcm-linux-uclibcgnueabi/sysroot/usr/lib/libcrypt.so
                0x0000b62c                dirname
                0x0000b638                getpriority
                0x0000b644                _setjmp
                0x0000b650                tolower
                0x0000b65c                tcgetpgrp
                0x0000b668                vasprintf
                0x0000b674                fchdir
                0x0000b680                bind
                0x0000b68c                sysconf
                0x0000b6a4                gethostbyname
                0x0000b6b0                difftime
                0x0000b6bc                sqrt
                0x0000b6c8                strftime
                0x0000b6d4                mknod
                0x0000b6e0                __errno_location
                0x0000b6ec                inet_aton
                0x0000b6f8                fcntl64
                0x0000b704                delete_module
                0x0000b710                getenv
                0x0000b71c                regexec
                0x0000b728                toupper
                0x0000b734                fgetpwent_r
                0x0000b740                system
                0x0000b74c                __res_state
                0x0000b758                crypt
                0x0000b764                usleep
                0x0000b770                memcpy
                0x0000b77c                umount2
                0x0000b788                connect
                0x0000b794                sigfillset
                0x0000b7a0                uname
                0x0000b7ac                xdr_opaque
                0x0000b7b8                clntudp_create
                0x0000b7c4                div
                0x0000b7d0                pmap_getmaps
                0x0000b7dc                getpgrp
                0x0000b7e8                sleep
                0x0000b7f4                realloc
                0x0000b800                getprotobyname
                0x0000b80c                syscall
                0x0000b818                vfprintf
                0x0000b824                endmntent
                0x0000b830                sysinfo
                0x0000b83c                getegid
                0x0000b848                readlink
                0x0000b854                strspn
                0x0000b860                clnttcp_create
                0x0000b86c                getsockname
                0x0000b878                gettimeofday
                0x0000b884                __res_init
                0x0000b890                strcat
                0x0000b89c                fstat64
                0x0000b8a8                feof
                0x0000b8b4                wait4
                0x0000b8c0                realpath
                0x0000b8cc                lchown
                0x0000b8d8                execve
                0x0000b8e4                remove
                0x0000b8f0                chown
                0x0000b8fc                getspnam_r
                0x0000b908                rmdir
                0x0000b914                symlink
                0x0000b920                openlog
                0x0000b92c                putenv
                0x0000b938                getcwd
                0x0000b944                __cmsg_nxthdr
                0x0000b950                getnameinfo
                0x0000b95c                setenv
                0x0000b968                strcasecmp
                0x0000b974                pmap_getport
                0x0000b980                freeaddrinfo
                0x0000b98c                strtoul
                0x0000b998                mkdir
                0x0000b9a4                malloc
                0x0000b9b0                klogctl
                0x0000b9bc                strrchr
                0x0000b9c8                strncmp
                0x0000b9d4                __uClibc_main
                0x0000b9e0                inet_pton
                0x0000b9ec                fopen64
                0x0000b9f8                __ctype_toupper_loc
                0x0000ba04                xdr_u_int
                0x0000ba10                getmntent_r
                0x0000ba1c                __ctype_tolower_loc
                0x0000ba28                ioctl
                0x0000ba34                recv
                0x0000ba40                strlen
                0x0000ba4c                authunix_create_default
                0x0000ba58                ctime
                0x0000ba64                opendir
                0x0000ba70                setmntent
                0x0000ba7c                strtod
                0x0000ba88                __cxa_atexit
                0x0000ba94                sendto
                0x0000baa0                strtol
                0x0000baac                isalnum
                0x0000bab8                sendmsg
                0x0000bac4                snprintf
                0x0000bad0                setpgid
                0x0000badc                dup
                0x0000bae8                dup2
                0x0000baf4                read
                0x0000bb00                endgrent
                0x0000bb0c                lseek64
                0x0000bb18                islower
                0x0000bb24                execv
                0x0000bb30                select
                0x0000bb3c                _exit
                0x0000bb48                strncasecmp
                0x0000bb54                initgroups
                0x0000bb60                isupper
                0x0000bb6c                utime
                0x0000bb78                access
                0x0000bb84                fdopen
                0x0000bb90                stat64
                0x0000bb9c                ftello64
                0x0000bba8                ispunct
                0x0000bbb4                getpid
                0x0000bbc0                sethostname
                0x0000bbcc                putpwent
                0x0000bbd8                sched_yield
                0x0000bbe4                strtoull
                0x0000bbf0                sigprocmask
                0x0000bbfc                mktime
                0x0000bc08                create_module
                0x0000bc14                memmove
                0x0000bc20                gethostid
                0x0000bc2c                strsep
                0x0000bc38                pclose
                0x0000bc44                fclose
                0x0000bc50                cfmakeraw
                0x0000bc5c                setsockopt
                0x0000bc68                fread
                0x0000bc74                wait3
                0x0000bc80                bsearch
                0x0000bc8c                strncat
                0x0000bc98                vsprintf
                0x0000bca4                pivot_root
                0x0000bcb0                log
                0x0000bcbc                gethostname
                0x0000bcc8                chmod
                0x0000bcd4                vsyslog
                0x0000bce0                dprintf
                0x0000bcec                xdr_enum
                0x0000bcf8                tcsetpgrp
                0x0000bd04                lstat64
                0x0000bd10                time
                0x0000bd1c                fgetc
                0x0000bd28                strtok
                0x0000bd34                fileno
                0x0000bd40                vprintf
                0x0000bd4c                write
                0x0000bd58                getpwnam
                0x0000bd64                iscntrl
                0x0000bd70                isatty
                0x0000bd7c                times
                0x0000bd88                closedir
                0x0000bd94                strchrnul
                0x0000bda0                longjmp
                0x0000bdac                __xpg_basename
                0x0000bdb8                setpriority
                0x0000bdc4                killpg
                0x0000bdd0                localtime
                0x0000bddc                close
                0x0000bde8                fputc
                0x0000bdf4                getpwuid
                0x0000be00                setsid
                0x0000be0c                mkfifo
                0x0000be18                shmget
                0x0000be24                getdomainname
                0x0000be30                regfree
                0x0000be3c                fgets
                0x0000be48                clnt_sperror
                0x0000be54                sigaction
                0x0000be60                ferror
                0x0000be6c                umask
                0x0000be78                sscanf
                0x0000be84                strncpy
                0x0000be90                semctl
                0x0000be9c                shmat
                0x0000bea8                tcsetattr
                0x0000beb4                shmdt
                0x0000bec0                link
                0x0000becc                init_module
                0x0000bed8                fputs
                0x0000bee4                setuid
                0x0000bef0                setresuid
                0x0000befc                tcgetattr
                0x0000bf08                unsetenv
                0x0000bf14                getppid
                0x0000bf20                chdir
                0x0000bf2c                clnt_spcreateerror
                0x0000bf38                unlink
                0x0000bf44                execl
                0x0000bf50                sync
                0x0000bf5c                regerror
                0x0000bf68                fflush
                0x0000bf74                memset
                0x0000bf80                inet_ntoa
                0x0000bf8c                hstrerror
                0x0000bf98                if_nametoindex
                0x0000bfa4                qsort
                0x0000bfb0                perror
                0x0000bfbc                __h_errno_location
                0x0000bfc8                stime
                0x0000bfd4                getservbyport
                0x0000bfe0                xdr_string
                0x0000bfec                vfork
                0x0000bff8                getuid
                0x0000c004                tcflush
                0x0000c010                vdprintf
                0x0000c01c                fprintf
                0x0000c028                recvmsg
                0x0000c034                inet_addr
                0x0000c040                fnmatch
                0x0000c04c                strcspn
                0x0000c058                shmctl
                0x0000c064                abort
                0x0000c070                memcmp
                0x0000c07c                vsnprintf
                0x0000c088                fchown
                0x0000c094                recvfrom
                0x0000c0a0                syslog
                0x0000c0ac                isprint
                0x0000c0b8                sigemptyset
                0x0000c0c4                sprintf
                0x0000c0d0                xdr_bytes
                0x0000c0dc                clearerr
                0x0000c0e8                strcasestr
                0x0000c0f4                strnlen
                0x0000c100                socket
                0x0000c10c                fseek
                0x0000c118                exp
                0x0000c124                sin
                0x0000c130                regcomp
                0x0000c13c                rand
                0x0000c148                memchr
                0x0000c154                statfs64
                0x0000c160                isalpha
                0x0000c16c                exit
                0x0000c178                rename
                0x0000c184                fork
                0x0000c190                semget
                0x0000c19c                getmntent
                0x0000c1a8                raise
                0x0000c1b4                pow
                0x0000c1c0                semop
                0x0000c1cc                isblank
                0x0000c1d8                strstr
                0x0000c1e4                open64
                0x0000c1f0                strcmp
                0x0000c1fc                atan2
                0x0000c208                getgrgid
                0x0000c214                getopt
                0x0000c220                waitpid
                0x0000c22c                execlp
                0x0000c238                setrlimit64
                0x0000c244                query_module
                0x0000c250                ungetc
                0x0000c25c                ftell
                0x0000c268                accept
                0x0000c274                mount
                0x0000c280                free
                0x0000c28c                xdr_array
                0x0000c298                atoi
                0x0000c2a4                strpbrk
                0x0000c2b0                alarm
                0x0000c2bc                strchr
                0x0000c2c8                fchmod
                0x0000c2d4                fsync
                0x0000c2e0                cos
                0x0000c2ec                getgid
                0x0000c2f8                strerror
                0x0000c304                isspace
                0x0000c310                listen
                0x0000c31c                srand
                0x0000c328                printf
                0x0000c334                getopt_long
                0x0000c340                popen
                0x0000c34c                getgrnam
                0x0000c358                getservbyname
                0x0000c364                mkstemp64
                0x0000c370                strdup
                0x0000c37c                puts
                0x0000c388                fscanf
                0x0000c394                setresgid
                0x0000c3a0                setgid
                0x0000c3ac                ftruncate64
                0x0000c3b8                getrlimit64
                0x0000c3c4                execvp
                0x0000c3d0                signal
                0x0000c3dc                umount
                0x0000c3e8                inet_ntop
                0x0000c3f4                gethostbyaddr
                0x0000c400                readdir64
                0x0000c40c                strsignal
                0x0000c418                xdr_int
                0x0000c424                pipe
                0x0000c430                getaddrinfo
                0x0000c43c                bindresvport
                0x0000c448                strcpy
                0x0000c454                kill
                0x0000c460                geteuid
                0x0000c46c                clearenv
                0x0000c484                getgroups

.iplt
 *(.iplt)

.text           0x0000c490    0x48aec
 *(.text.unlikely .text.*_unlikely)
 *(.text.exit .text.exit.*)
 *(.text.startup .text.startup.*)
 *(.text.hot .text.hot.*)
 *(.text .stub .text.* .gnu.linkonce.t.*)
 .text          0x0000c490       0x3c /projects/hnd/tools/linux/hndtools-arm-linux-2.6.36-uclibc-4.5.3/arm-brcm-linux-uclibcgnueabi/sysroot/usr/lib/crt1.o
                0x0000c490                _start
 .text          0x0000c4cc       0x98 /projects/hnd/tools/linux/hndtools-arm-linux-2.6.36-uclibc-4.5.3/lib/gcc/arm-brcm-linux-uclibcgnueabi/4.5.3/crtbegin.o
 .text.get_trimmed_slice
                0x0000c564       0x40 applets/built-in.o
 .text.applet_name_compare
                0x0000c5a4        0x8 applets/built-in.o
 .text.bb_show_usage
                0x0000c5ac       0xfc applets/built-in.o
                0x0000c5ac                bb_show_usage
 .text.find_applet_by_name
                0x0000c6a8       0x28 applets/built-in.o
                0x0000c6a8                find_applet_by_name
 .text.parse_config_file
                0x0000c6d0      0x3c8 applets/built-in.o
 .text.run_current_applet_and_exit
                0x0000ca98      0x224 applets/built-in.o
                0x0000ca98                run_current_applet_and_exit
 .text.run_applet_and_exit
                0x0000ccbc      0x17c applets/built-in.o
                0x0000ccbc                run_applet_and_exit
 .text.main     0x0000ce38       0x64 applets/built-in.o
                0x0000ce38                main
 .text.unpack_gunzip
                0x0000ce9c       0x84 archival/lib.a(bbunzip.o)
 .text.make_new_name_gunzip
                0x0000cf20       0xa4 archival/lib.a(bbunzip.o)
 .text.open_to_or_warn
                0x0000cfc4       0x38 archival/lib.a(bbunzip.o)
 .text.bbunpack
                0x0000cffc      0x1e0 archival/lib.a(bbunzip.o)
                0x0000cffc                bbunpack
 .text.gunzip_main
                0x0000d1dc       0x68 archival/lib.a(bbunzip.o)
                0x0000d1dc                gunzip_main
 .text.bi_reverse
                0x0000d244       0x2c archival/lib.a(gzip.o)
 .text.init_block
                0x0000d270       0xbc archival/lib.a(gzip.o)
 .text.pqdownheap
                0x0000d32c       0xf0 archival/lib.a(gzip.o)
 .text.gen_codes
                0x0000d41c       0xa0 archival/lib.a(gzip.o)
 .text.build_tree
                0x0000d4bc      0x45c archival/lib.a(gzip.o)
 .text.scan_tree
                0x0000d918      0x13c archival/lib.a(gzip.o)
 .text.ct_tally
                0x0000da54      0x1b4 archival/lib.a(gzip.o)
 .text.file_read
                0x0000dc08       0x70 archival/lib.a(gzip.o)
 .text.fill_window
                0x0000dc78      0x108 archival/lib.a(gzip.o)
 .text.flush_outbuf
                0x0000dd80       0x34 archival/lib.a(gzip.o)
 .text.put_16bit
                0x0000ddb4       0x84 archival/lib.a(gzip.o)
 .text.send_bits
                0x0000de38       0x6c archival/lib.a(gzip.o)
 .text.send_tree
                0x0000dea4      0x188 archival/lib.a(gzip.o)
 .text.compress_block
                0x0000e02c      0x16c archival/lib.a(gzip.o)
 .text.put_32bit
                0x0000e198       0x1c archival/lib.a(gzip.o)
 .text.bi_windup
                0x0000e1b4       0x64 archival/lib.a(gzip.o)
 .text.make_new_name_gzip
                0x0000e218       0x10 archival/lib.a(gzip.o)
 .text.flush_block
                0x0000e228      0x2c4 archival/lib.a(gzip.o)
 .text.pack_gzip
                0x0000e4ec      0x83c archival/lib.a(gzip.o)
 .text.gzip_main
                0x0000ed28      0x1ac archival/lib.a(gzip.o)
                0x0000ed28                gzip_main
 .text.gnu_dev_major
                0x0000eed4       0x14 archival/lib.a(tar.o)
 .text.gnu_dev_minor
                0x0000eee8       0x18 archival/lib.a(tar.o)
 .text.writeTarFile
                0x0000ef00      0x2e0 archival/lib.a(tar.o)
 .text.putOctal
                0x0000f1e0       0x5c archival/lib.a(tar.o)
 .text.chksum_and_xwrite
                0x0000f23c       0x70 archival/lib.a(tar.o)
 .text.writeLongname
                0x0000f2ac       0xf8 archival/lib.a(tar.o)
 .text.writeTarHeader
                0x0000f3a4      0x330 archival/lib.a(tar.o)
 .text.writeFileToTarball
                0x0000f6d4      0x234 archival/lib.a(tar.o)
 .text.tar_main
                0x0000f908      0x304 archival/lib.a(tar.o)
                0x0000f908                tar_main
 .text.check_header_gzip_or_die
                0x0000fc0c       0xc8 archival/libunarchive/lib.a(check_header_gzip.o)
                0x0000fc0c                check_header_gzip_or_die
 .text.data_extract_all
                0x0000fcd4      0x324 archival/libunarchive/lib.a(data_extract_all.o)
                0x0000fcd4                data_extract_all
 .text.data_extract_to_stdout
                0x0000fff8       0x14 archival/libunarchive/lib.a(data_extract_to_stdout.o)
                0x0000fff8                data_extract_to_stdout
 .text.data_skip
                0x0001000c       0x18 archival/libunarchive/lib.a(data_skip.o)
                0x0001000c                data_skip
 .text.get_bits
                0x00010024       0xdc archival/libunarchive/lib.a(decompress_bunzip2.o)
 .text.get_next_block
                0x00010100      0x85c archival/libunarchive/lib.a(decompress_bunzip2.o)
 .text.read_bunzip
                0x0001095c      0x168 archival/libunarchive/lib.a(decompress_bunzip2.o)
                0x0001095c                read_bunzip
 .text.start_bunzip
                0x00010ac4       0xe4 archival/libunarchive/lib.a(decompress_bunzip2.o)
                0x00010ac4                start_bunzip
 .text.dealloc_bunzip
                0x00010ba8       0x1c archival/libunarchive/lib.a(decompress_bunzip2.o)
                0x00010ba8                dealloc_bunzip
 .text.uncompress
                0x00010bc4      0x49c archival/libunarchive/lib.a(decompress_uncompress.o)
                0x00010bc4                uncompress
 .text.inflate_codes_setup
                0x00011060       0x50 archival/libunarchive/lib.a(decompress_unzip.o)
 .text.calculate_gunzip_crc
                0x000110b0       0x54 archival/libunarchive/lib.a(decompress_unzip.o)
 .text.huft_free
                0x00011104       0x24 archival/libunarchive/lib.a(decompress_unzip.o)
 .text.alloc_state
                0x00011128       0x28 archival/libunarchive/lib.a(decompress_unzip.o)
 .text.fill_bitbuffer
                0x00011150       0xa4 archival/libunarchive/lib.a(decompress_unzip.o)
 .text.huft_build
                0x000111f4      0x530 archival/libunarchive/lib.a(decompress_unzip.o)
 .text.inflate_block
                0x00011724      0x6b0 archival/libunarchive/lib.a(decompress_unzip.o)
 .text.inflate_unzip_internal
                0x00011dd4      0x558 archival/libunarchive/lib.a(decompress_unzip.o)
 .text.unpack_gz_stream
                0x0001232c      0x118 archival/libunarchive/lib.a(decompress_unzip.o)
                0x0001232c                unpack_gz_stream
 .text.filter_accept_reject_list
                0x00012444       0x54 archival/libunarchive/lib.a(filter_accept_reject_list.o)
                0x00012444                filter_accept_reject_list
 .text.find_list_entry
                0x00012498       0x3c archival/libunarchive/lib.a(find_list_entry.o)
                0x00012498                find_list_entry
 .text.find_list_entry2
                0x000124d4       0xac archival/libunarchive/lib.a(find_list_entry.o)
                0x000124d4                find_list_entry2
 .text.getOctal
                0x00012580       0x48 archival/libunarchive/lib.a(get_header_tar.o)
 .text.get_header_tar
                0x000125c8      0x548 archival/libunarchive/lib.a(get_header_tar.o)
                0x000125c8                get_header_tar
 .text.get_header_tar_gz
                0x00012b10       0x88 archival/libunarchive/lib.a(get_header_tar_gz.o)
                0x00012b10                get_header_tar_gz
 .text.header_list
                0x00012b98        0x8 archival/libunarchive/lib.a(header_list.o)
                0x00012b98                header_list
 .text.header_verbose_list
                0x00012ba0       0xb0 archival/libunarchive/lib.a(header_verbose_list.o)
                0x00012ba0                header_verbose_list
 .text.init_handle
                0x00012c50       0x54 archival/libunarchive/lib.a(init_handle.o)
                0x00012c50                init_handle
 .text.open_transformer
                0x00012ca4       0x64 archival/libunarchive/lib.a(open_transformer.o)
                0x00012ca4                open_transformer
 .text.seek_by_jump
                0x00012d08       0x3c archival/libunarchive/lib.a(seek_by_jump.o)
                0x00012d08                seek_by_jump
 .text.seek_by_read
                0x00012d44       0x18 archival/libunarchive/lib.a(seek_by_read.o)
                0x00012d44                seek_by_read
 .text.data_align
                0x00012d5c       0x64 archival/libunarchive/lib.a(data_align.o)
                0x00012d5c                data_align
 .text.filter_accept_all
                0x00012dc0       0x14 archival/libunarchive/lib.a(filter_accept_all.o)
                0x00012dc0                filter_accept_all
 .text.header_skip
                0x00012dd4        0x4 archival/libunarchive/lib.a(header_skip.o)
                0x00012dd4                header_skip
 .text.clear_main
                0x00012dd8       0x1c console-tools/lib.a(clear.o)
                0x00012dd8                clear_main
 .text.reset_main
                0x00012df4       0x28 console-tools/lib.a(reset.o)
                0x00012df4                reset_main
 .text.basename_main
                0x00012e1c       0x80 coreutils/lib.a(basename.o)
                0x00012e1c                basename_main
 .text.bb_cat   0x00012e9c       0x94 coreutils/lib.a(cat.o)
                0x00012e9c                bb_cat
 .text.cat_main
                0x00012f30       0x30 coreutils/lib.a(cat.o)
                0x00012f30                cat_main
 .text.fileAction
                0x00012f60       0x98 coreutils/lib.a(chmod.o)
 .text.chmod_main
                0x00012ff8       0xec coreutils/lib.a(chmod.o)
                0x00012ff8                chmod_main
 .text.cp_main  0x000130e4      0x148 coreutils/lib.a(cp.o)
                0x000130e4                cp_main
 .text.cmpfunc  0x0001322c       0x10 coreutils/lib.a(cut.o)
 .text.cut_file
                0x0001323c      0x2d0 coreutils/lib.a(cut.o)
 .text.cut_main
                0x0001350c      0x2a8 coreutils/lib.a(cut.o)
                0x0001350c                cut_main
 .text.maybe_set_utc
                0x000137b4       0x14 coreutils/lib.a(date.o)
 .text.date_main
                0x000137c8      0x3b4 coreutils/lib.a(date.o)
                0x000137c8                date_main
 .text.df_main  0x00013b7c      0x2a8 coreutils/lib.a(df.o)
                0x00013b7c                df_main
 .text.dirname_main
                0x00013e24       0x30 coreutils/lib.a(dirname.o)
                0x00013e24                dirname_main
 .text.print    0x00013e54       0x38 coreutils/lib.a(du.o)
 .text.du       0x00013e8c      0x220 coreutils/lib.a(du.o)
 .text.du_main  0x000140ac      0x1a0 coreutils/lib.a(du.o)
                0x000140ac                du_main
 .text.bb_echo  0x0001424c      0x154 coreutils/lib.a(echo.o)
                0x0001424c                bb_echo
 .text.echo_main
                0x000143a0        0x8 coreutils/lib.a(echo.o)
                0x000143a0                echo_main
 .text.env_main
                0x000143a8      0x178 coreutils/lib.a(env.o)
                0x000143a8                env_main
 .text.null     0x00014520       0x44 coreutils/lib.a(expr.o)
 .text.int_value
                0x00014564       0x1c coreutils/lib.a(expr.o)
 .text.tostring
                0x00014580       0x34 coreutils/lib.a(expr.o)
 .text.str_value
                0x000145b4       0x30 coreutils/lib.a(expr.o)
 .text.docolon  0x000145e4       0xf8 coreutils/lib.a(expr.o)
 .text.toarith  0x000146dc       0x64 coreutils/lib.a(expr.o)
 .text.arithmetic_common
                0x00014740       0xac coreutils/lib.a(expr.o)
 .text.freev    0x000147ec       0x28 coreutils/lib.a(expr.o)
 .text.nextarg  0x00014814       0x30 coreutils/lib.a(expr.o)
 .text.eval     0x00014844       0x70 coreutils/lib.a(expr.o)
 .text.eval6    0x000148b4      0x264 coreutils/lib.a(expr.o)
 .text.eval5    0x00014b18       0x6c coreutils/lib.a(expr.o)
 .text.eval4    0x00014b84       0xb4 coreutils/lib.a(expr.o)
 .text.eval3    0x00014c38       0x98 coreutils/lib.a(expr.o)
 .text.eval2    0x00014cd0      0x1c4 coreutils/lib.a(expr.o)
 .text.eval1    0x00014e94       0x90 coreutils/lib.a(expr.o)
 .text.expr_main
                0x00014f24       0x7c coreutils/lib.a(expr.o)
                0x00014f24                expr_main
 .text.false_main
                0x00014fa0        0x8 coreutils/lib.a(false.o)
                0x00014fa0                false_main
 .text.head_main
                0x00014fa8      0x1f4 coreutils/lib.a(head.o)
                0x00014fa8                head_main
 .text.hostid_main
                0x0001519c       0x38 coreutils/lib.a(hostid.o)
                0x0001519c                hostid_main
 .text.printf_full
                0x000151d4       0x3c coreutils/lib.a(id.o)
 .text.id_main  0x00015210      0x178 coreutils/lib.a(id.o)
                0x00015210                id_main
 .text.ln_main  0x00015388      0x228 coreutils/lib.a(ln.o)
                0x00015388                ln_main
 .text.fgcolor  0x000155b0       0x4c coreutils/lib.a(ls.o)
 .text.bgcolor  0x000155fc       0x34 coreutils/lib.a(ls.o)
 .text.append_char
                0x00015630       0x60 coreutils/lib.a(ls.o)
 .text.count_dirs
                0x00015690       0x7c coreutils/lib.a(ls.o)
 .text.sortcmp  0x0001570c       0xb4 coreutils/lib.a(ls.o)
 .text.my_stat  0x000157c0       0xc0 coreutils/lib.a(ls.o)
 .text.dnalloc  0x00015880       0x18 coreutils/lib.a(ls.o)
 .text.splitdnarray
                0x00015898       0xd8 coreutils/lib.a(ls.o)
 .text.showfiles
                0x00015970      0x61c coreutils/lib.a(ls.o)
 .text.dnsort   0x00015f8c       0x10 coreutils/lib.a(ls.o)
 .text.showdirs
                0x00015f9c      0x264 coreutils/lib.a(ls.o)
 .text.ls_main  0x00016200      0x448 coreutils/lib.a(ls.o)
                0x00016200                ls_main
 .text.md5_sha1_sum_main
                0x00016648      0x150 coreutils/lib.a(md5_sha1_sum.o)
                0x00016648                md5_sha1_sum_main
 .text.mkdir_main
                0x00016798       0xb8 coreutils/lib.a(mkdir.o)
                0x00016798                mkdir_main
 .text.mkfifo_main
                0x00016850       0x74 coreutils/lib.a(mkfifo.o)
                0x00016850                mkfifo_main
 .text.mknod_main
                0x000168c4       0xec coreutils/lib.a(mknod.o)
                0x000168c4                mknod_main
 .text.mv_main  0x000169b0      0x24c coreutils/lib.a(mv.o)
                0x000169b0                mv_main
 .text.nice_main
                0x00016bfc      0x110 coreutils/lib.a(nice.o)
                0x00016bfc                nice_main
 .text.printenv_main
                0x00016d0c       0x60 coreutils/lib.a(printenv.o)
                0x00016d0c                printenv_main
 .text.multiconvert
                0x00016d6c       0x80 coreutils/lib.a(printf.o)
 .text.my_xstrtoul
                0x00016dec       0x1c coreutils/lib.a(printf.o)
 .text.my_xstrtol
                0x00016e08       0x1c coreutils/lib.a(printf.o)
 .text.my_xstrtod
                0x00016e24       0x20 coreutils/lib.a(printf.o)
 .text.conv_strtoul
                0x00016e44       0x1c coreutils/lib.a(printf.o)
 .text.print_direc
                0x00016e60      0x278 coreutils/lib.a(printf.o)
 .text.conv_strtol
                0x000170d8       0x1c coreutils/lib.a(printf.o)
 .text.conv_strtod
                0x000170f4       0x38 coreutils/lib.a(printf.o)
 .text.printf_main
                0x0001712c      0x2cc coreutils/lib.a(printf.o)
                0x0001712c                printf_main
 .text.pwd_main
                0x000173f8       0x3c coreutils/lib.a(pwd.o)
                0x000173f8                pwd_main
 .text.rm_main  0x00017434       0xe8 coreutils/lib.a(rm.o)
                0x00017434                rm_main
 .text.rmdir_main
                0x0001751c       0xc0 coreutils/lib.a(rmdir.o)
                0x0001751c                rmdir_main
 .text.sleep_main
                0x000175dc       0x54 coreutils/lib.a(sleep.o)
                0x000175dc                sleep_main
 .text.eat_num  0x00017630       0x34 coreutils/lib.a(tail.o)
 .text.tail_xprint_header
                0x00017664       0x24 coreutils/lib.a(tail.o)
 .text.tail_read
                0x00017688       0xc0 coreutils/lib.a(tail.o)
 .text.tail_main
                0x00017748      0x4f4 coreutils/lib.a(tail.o)
                0x00017748                tail_main
 .text.t_lex    0x00017c3c       0x6c coreutils/lib.a(test.o)
 .text.syntax   0x00017ca8       0x4c coreutils/lib.a(test.o)
 .text.getn     0x00017cf4       0x70 coreutils/lib.a(test.o)
 .text.binop    0x00017d64      0x244 coreutils/lib.a(test.o)
 .text.nexpr    0x00017fa8      0x3e8 coreutils/lib.a(test.o)
 .text.aexpr    0x00018390       0x64 coreutils/lib.a(test.o)
 .text.oexpr    0x000183f4       0x64 coreutils/lib.a(test.o)
 .text.test_main
                0x00018458      0x238 coreutils/lib.a(test.o)
                0x00018458                test_main
 .text.touch_main
                0x00018690       0xc4 coreutils/lib.a(touch.o)
                0x00018690                touch_main
 .text.expand   0x00018754      0x2bc coreutils/lib.a(tr.o)
 .text.complement.clone.0
                0x00018a10       0x74 coreutils/lib.a(tr.o)
 .text.tr_main  0x00018a84      0x294 coreutils/lib.a(tr.o)
                0x00018a84                tr_main
 .text.true_main
                0x00018d18        0x8 coreutils/lib.a(true.o)
                0x00018d18                true_main
 .text.uname_main
                0x00018d20       0xdc coreutils/lib.a(uname.o)
                0x00018d20                uname_main
 .text.usleep_main
                0x00018dfc       0x28 coreutils/lib.a(usleep.o)
                0x00018dfc                usleep_main
 .text.wc_main  0x00018e24      0x2e8 coreutils/lib.a(wc.o)
                0x00018e24                wc_main
 .text.yes_main
                0x0001910c       0x70 coreutils/lib.a(yes.o)
                0x0001910c                yes_main
 .text.cp_mv_stat2
                0x0001917c       0x68 coreutils/libcoreutils/lib.a(cp_mv_stat.o)
                0x0001917c                cp_mv_stat2
 .text.cp_mv_stat
                0x000191e4        0xc coreutils/libcoreutils/lib.a(cp_mv_stat.o)
                0x000191e4                cp_mv_stat
 .text.getopt_mk_fifo_nod
                0x000191f0       0x58 coreutils/libcoreutils/lib.a(getopt_mk_fifo_nod.o)
                0x000191f0                getopt_mk_fifo_nod
 .text.hashidx  0x00019248       0x28 editors/lib.a(awk.o)
 .text.skip_spaces
                0x00019270       0x5c editors/lib.a(awk.o)
 .text.nextword
                0x000192cc       0x20 editors/lib.a(awk.o)
 .text.rollback_token
                0x000192ec       0x18 editors/lib.a(awk.o)
 .text.nextarg  0x00019304       0x38 editors/lib.a(awk.o)
 .text.hash_init
                0x0001933c       0x2c editors/lib.a(awk.o)
 .text.iamarray
                0x00019368       0x3c editors/lib.a(awk.o)
 .text.new_node
                0x000193a4       0x2c editors/lib.a(awk.o)
 .text.nvalloc  0x000193d0       0xd8 editors/lib.a(awk.o)
 .text.qrealloc
                0x000194a8       0x38 editors/lib.a(awk.o)
 .text.clrvar   0x000194e0       0x40 editors/lib.a(awk.o)
 .text.fsrealloc
                0x00019520       0xb0 editors/lib.a(awk.o)
 .text.clear_array
                0x000195d0       0x68 editors/lib.a(awk.o)
 .text.zero_out_var
                0x00019638        0xc editors/lib.a(awk.o)
 .text.chain_node
                0x00019644       0x84 editors/lib.a(awk.o)
 .text.mk_re_node
                0x000196c8       0x48 editors/lib.a(awk.o)
 .text.mk_splitter
                0x00019710       0x60 editors/lib.a(awk.o)
 .text.getvar_i
                0x00019770       0xa4 editors/lib.a(awk.o)
 .text.is_numeric
                0x00019814       0x20 editors/lib.a(awk.o)
 .text.istrue   0x00019834       0x58 editors/lib.a(awk.o)
 .text.hash_search
                0x0001988c       0x50 editors/lib.a(awk.o)
 .text.hash_find
                0x000198dc      0x118 editors/lib.a(awk.o)
 .text.hash_remove
                0x000199f4       0x88 editors/lib.a(awk.o)
 .text.nextchar
                0x00019a7c       0x44 editors/lib.a(awk.o)
 .text.syntax_error
                0x00019ac0       0x28 editors/lib.a(awk.o)
 .text.fmt_num  0x00019ae8      0x108 editors/lib.a(awk.o)
 .text.getvar_s
                0x00019bf0       0x88 editors/lib.a(awk.o)
 .text.handle_special
                0x00019c78      0x1b8 editors/lib.a(awk.o)
 .text.setvar_p
                0x00019e30       0x24 editors/lib.a(awk.o)
 .text.setvar_s
                0x00019e54       0x30 editors/lib.a(awk.o)
 .text.setvar_u
                0x00019e84       0x20 editors/lib.a(awk.o)
 .text.is_assignment
                0x00019ea4       0xc8 editors/lib.a(awk.o)
 .text.setari_u
                0x00019f6c       0x44 editors/lib.a(awk.o)
 .text.setvar_i
                0x00019fb0       0x34 editors/lib.a(awk.o)
 .text.incvar   0x00019fe4       0x30 editors/lib.a(awk.o)
 .text.awk_getline
                0x0001a014      0x2d8 editors/lib.a(awk.o)
 .text.copyvar  0x0001a2ec       0x5c editors/lib.a(awk.o)
 .text.awk_split
                0x0001a348      0x294 editors/lib.a(awk.o)
 .text.split_f0
                0x0001a5dc       0xc0 editors/lib.a(awk.o)
 .text.next_token
                0x0001a69c      0x48c editors/lib.a(awk.o)
 .text.parse_expr
                0x0001ab28      0x334 editors/lib.a(awk.o)
 .text.condition
                0x0001ae5c       0x18 editors/lib.a(awk.o)
 .text.chain_expr
                0x0001ae74       0x38 editors/lib.a(awk.o)
 .text.chain_group
                0x0001aeac      0x2bc editors/lib.a(awk.o)
 .text.parse_program
                0x0001b168      0x164 editors/lib.a(awk.o)
 .text.chain_loop
                0x0001b2cc       0x88 editors/lib.a(awk.o)
 .text.nvfree   0x0001b354       0xd8 editors/lib.a(awk.o)
 .text.afopen.clone.0
                0x0001b42c       0x34 editors/lib.a(awk.o)
 .text.next_input_file
                0x0001b460      0x128 editors/lib.a(awk.o)
 .text.evaluate
                0x0001b588     0x17d0 editors/lib.a(awk.o)
 .text.awk_exit
                0x0001cd58       0xa0 editors/lib.a(awk.o)
 .text.as_regex
                0x0001cdf8       0x88 editors/lib.a(awk.o)
 .text.awk_sub  0x0001ce80      0x28c editors/lib.a(awk.o)
 .text.awk_printf
                0x0001d10c      0x210 editors/lib.a(awk.o)
 .text.ptest    0x0001d31c       0x20 editors/lib.a(awk.o)
 .text.awk_main
                0x0001d33c      0x4dc editors/lib.a(awk.o)
                0x0001d33c                awk_main
 .text.parse_escapes
                0x0001d818       0x78 editors/lib.a(sed.o)
 .text.index_of_next_unescaped_regexp_delim
                0x0001d890       0xb8 editors/lib.a(sed.o)
 .text.copy_parsing_escapes
                0x0001d948       0x38 editors/lib.a(sed.o)
 .text.parse_regex_delim
                0x0001d980       0x80 editors/lib.a(sed.o)
 .text.get_address
                0x0001da00       0xe8 editors/lib.a(sed.o)
 .text.add_input_file
                0x0001dae8       0x3c editors/lib.a(sed.o)
 .text.pipe_putc
                0x0001db24       0x54 editors/lib.a(sed.o)
 .text.append   0x0001db78       0x1c editors/lib.a(sed.o)
 .text.puts_maybe_newline
                0x0001db94       0xac editors/lib.a(sed.o)
 .text.flush_append
                0x0001dc40       0x44 editors/lib.a(sed.o)
 .text.get_next_line
                0x0001dc84       0xc8 editors/lib.a(sed.o)
 .text.cleanup_outname
                0x0001dd4c       0x18 editors/lib.a(sed.o)
 .text.parse_file_cmd.clone.0
                0x0001dd64       0x9c editors/lib.a(sed.o)
 .text.add_cmd  0x0001de00      0x5b0 editors/lib.a(sed.o)
 .text.add_cmd_block
                0x0001e3b0       0x8c editors/lib.a(sed.o)
 .text.process_files
                0x0001e43c      0xa44 editors/lib.a(sed.o)
 .text.sed_main
                0x0001ee80      0x300 editors/lib.a(sed.o)
                0x0001ee80                sed_main
 .text.next_tabstop
                0x0001f180       0x24 editors/lib.a(vi.o)
 .text.begin_line
                0x0001f1a4       0x30 editors/lib.a(vi.o)
 .text.end_line
                0x0001f1d4       0x34 editors/lib.a(vi.o)
 .text.prev_line
                0x0001f208       0x38 editors/lib.a(vi.o)
 .text.next_line
                0x0001f240       0x34 editors/lib.a(vi.o)
 .text.end_screen
                0x0001f274       0x40 editors/lib.a(vi.o)
 .text.count_lines
                0x0001f2b4       0x60 editors/lib.a(vi.o)
 .text.find_line
                0x0001f314       0x30 editors/lib.a(vi.o)
 .text.dot_left
                0x0001f344       0x30 editors/lib.a(vi.o)
 .text.dot_right
                0x0001f374       0x34 editors/lib.a(vi.o)
 .text.dot_begin
                0x0001f3a8       0x20 editors/lib.a(vi.o)
 .text.dot_end  0x0001f3c8       0x20 editors/lib.a(vi.o)
 .text.move_to_col
                0x0001f3e8       0x74 editors/lib.a(vi.o)
 .text.dot_next
                0x0001f45c       0x20 editors/lib.a(vi.o)
 .text.dot_prev
                0x0001f47c       0x20 editors/lib.a(vi.o)
 .text.find_pair
                0x0001f49c       0xc0 editors/lib.a(vi.o)
 .text.end_cmd_q
                0x0001f55c       0x28 editors/lib.a(vi.o)
 .text.what_reg
                0x0001f584       0x40 editors/lib.a(vi.o)
 .text.screen_erase
                0x0001f5c4       0x20 editors/lib.a(vi.o)
 .text.show_help
                0x0001f5e4        0xc editors/lib.a(vi.o)
 .text.new_screen
                0x0001f5f0       0x78 editors/lib.a(vi.o)
 .text.rawmode  0x0001f668       0x98 editors/lib.a(vi.o)
 .text.file_size
                0x0001f700       0x3c editors/lib.a(vi.o)
 .text.psbs     0x0001f73c       0x70 editors/lib.a(vi.o)
 .text.text_hole_delete
                0x0001f7ac       0xc0 editors/lib.a(vi.o)
 .text.text_hole_make
                0x0001f86c       0x98 editors/lib.a(vi.o)
 .text.stupid_insert
                0x0001f904       0x34 editors/lib.a(vi.o)
 .text.ni       0x0001f938      0x124 editors/lib.a(vi.o)
 .text.psb      0x0001fa5c       0x40 editors/lib.a(vi.o)
 .text.write1   0x0001fa9c       0x10 editors/lib.a(vi.o)
 .text.standout_start
                0x0001faac        0xc editors/lib.a(vi.o)
 .text.standout_end
                0x0001fab8        0xc editors/lib.a(vi.o)
 .text.clear_to_eos
                0x0001fac4        0xc editors/lib.a(vi.o)
 .text.clear_to_eol
                0x0001fad0        0xc editors/lib.a(vi.o)
 .text.file_insert
                0x0001fadc      0x1c0 editors/lib.a(vi.o)
 .text.catch_sig
                0x0001fc9c       0x38 editors/lib.a(vi.o)
 .text.dot_skip_over_ws
                0x0001fcd4       0x50 editors/lib.a(vi.o)
 .text.dot_scroll
                0x0001fd24       0x84 editors/lib.a(vi.o)
 .text.setops   0x0001fda8       0x74 editors/lib.a(vi.o)
 .text.mycmp    0x0001fe1c       0x3c editors/lib.a(vi.o)
 .text.char_search
                0x0001fe58       0xdc editors/lib.a(vi.o)
 .text.get_one_address
                0x0001ff34      0x1a4 editors/lib.a(vi.o)
 .text.string_insert
                0x000200d8       0x7c editors/lib.a(vi.o)
 .text.text_yank
                0x00020154       0x70 editors/lib.a(vi.o)
 .text.yank_delete
                0x000201c4       0x9c editors/lib.a(vi.o)
 .text.file_write
                0x00020260       0x6c editors/lib.a(vi.o)
 .text.cookmode
                0x000202cc       0x34 editors/lib.a(vi.o)
 .text.readit   0x00020300      0x204 editors/lib.a(vi.o)
 .text.get_one_char
                0x00020504       0xc0 editors/lib.a(vi.o)
 .text.mysleep  0x000205c4       0x78 editors/lib.a(vi.o)
 .text.skip_thing
                0x0002063c      0x120 editors/lib.a(vi.o)
 .text.place_cursor
                0x0002075c      0x144 editors/lib.a(vi.o)
 .text.suspend_sig
                0x000208a0       0x5c editors/lib.a(vi.o)
 .text.refresh  0x000208fc      0x588 editors/lib.a(vi.o)
 .text.get_input_line
                0x00020e84      0x140 editors/lib.a(vi.o)
 .text.redraw   0x00020fc4       0x40 editors/lib.a(vi.o)
 .text.Hit_Return
                0x00021004       0x38 editors/lib.a(vi.o)
 .text.show_status_line
                0x0002103c      0x294 editors/lib.a(vi.o)
 .text.winch_sig
                0x000212d0       0x4c editors/lib.a(vi.o)
 .text.cont_sig
                0x0002131c       0x54 editors/lib.a(vi.o)
 .text.Indicate_Error
                0x00021370       0x4c editors/lib.a(vi.o)
 .text.bound_dot
                0x000213bc       0x50 editors/lib.a(vi.o)
 .text.char_insert
                0x0002140c      0x1f4 editors/lib.a(vi.o)
 .text.init_text_buffer
                0x00021600       0xe0 editors/lib.a(vi.o)
 .text.colon    0x000216e0      0xf10 editors/lib.a(vi.o)
 .text.do_cmd   0x000225f0     0x1828 editors/lib.a(vi.o)
 .text.find_range
                0x00023e18      0x204 editors/lib.a(vi.o)
 .text.edit_file
                0x0002401c      0x354 editors/lib.a(vi.o)
 .text.vi_main  0x00024370      0x1ac editors/lib.a(vi.o)
                0x00024370                vi_main
 .text.exec_actions
                0x0002451c       0x74 findutils/lib.a(find.o)
 .text.func_type
                0x00024590       0x1c findutils/lib.a(find.o)
 .text.func_perm
                0x000245ac       0x5c findutils/lib.a(find.o)
 .text.func_newer
                0x00024608       0x18 findutils/lib.a(find.o)
 .text.func_inum
                0x00024620       0x20 findutils/lib.a(find.o)
 .text.func_user
                0x00024640       0x18 findutils/lib.a(find.o)
 .text.func_group
                0x00024658       0x18 findutils/lib.a(find.o)
 .text.func_paren
                0x00024670       0x18 findutils/lib.a(find.o)
 .text.func_size
                0x00024688       0x90 findutils/lib.a(find.o)
 .text.func_prune
                0x00024718        0x8 findutils/lib.a(find.o)
 .text.plus_minus_num
                0x00024720       0x14 findutils/lib.a(find.o)
 .text.alloc_action.7040
                0x00024734       0x74 findutils/lib.a(find.o)
 .text.parse_params
                0x000247a8      0x6a4 findutils/lib.a(find.o)
 .text.func_mmin
                0x00024e4c       0x84 findutils/lib.a(find.o)
 .text.func_mtime
                0x00024ed0       0x94 findutils/lib.a(find.o)
 .text.func_regex
                0x00024f64       0x5c findutils/lib.a(find.o)
 .text.func_path
                0x00024fc0       0x20 findutils/lib.a(find.o)
 .text.func_name
                0x00024fe0       0x64 findutils/lib.a(find.o)
 .text.func_exec
                0x00025044      0x144 findutils/lib.a(find.o)
 .text.func_delete
                0x00025188       0x44 findutils/lib.a(find.o)
 .text.func_print0
                0x000251cc       0x20 findutils/lib.a(find.o)
 .text.func_print
                0x000251ec       0x10 findutils/lib.a(find.o)
 .text.fileAction
                0x000251fc       0xe0 findutils/lib.a(find.o)
 .text.find_main
                0x000252dc      0x1f4 findutils/lib.a(find.o)
                0x000252dc                find_main
 .text.add_grep_list_data
                0x000254d0       0x20 findutils/lib.a(grep.o)
 .text.print_line
                0x000254f0      0x108 findutils/lib.a(grep.o)
 .text.grep_file
                0x000255f8      0x3b0 findutils/lib.a(grep.o)
 .text.file_action_grep
                0x000259a8       0x8c findutils/lib.a(grep.o)
 .text.grep_main
                0x00025a34      0x468 findutils/lib.a(grep.o)
                0x00025a34                grep_main
 .text.xargs_main
                0x00025e9c      0x4c8 findutils/lib.a(xargs.o)
                0x00025e9c                xargs_main
 .text.halt_main
                0x00026364       0x9c init/lib.a(halt.o)
                0x00026364                halt_main
 .text.bb_ask_confirmation
                0x00026400       0x6c libbb/lib.a(ask_confirmation.o)
                0x00026400                bb_ask_confirmation
 .text.bb_basename
                0x0002646c       0x20 libbb/lib.a(bb_basename.o)
                0x0002646c                bb_basename
 .text.bb_getug
                0x0002648c       0x6c libbb/lib.a(bb_pwd.o)
 .text.bb_getpwuid
                0x000264f8       0x3c libbb/lib.a(bb_pwd.o)
                0x000264f8                bb_getpwuid
 .text.bb_getgrgid
                0x00026534       0x3c libbb/lib.a(bb_pwd.o)
                0x00026534                bb_getgrgid
 .text.xgroup2gid
                0x00026570       0x2c libbb/lib.a(bb_pwd.o)
                0x00026570                xgroup2gid
 .text.xuname2uid
                0x0002659c       0x2c libbb/lib.a(bb_pwd.o)
                0x0002659c                xuname2uid
 .text.ret_ERANGE
                0x000265c8       0x20 libbb/lib.a(bb_strtonum.o)
 .text.handle_errors
                0x000265e8       0x6c libbb/lib.a(bb_strtonum.o)
 .text.bb_strtoul
                0x00026654       0x60 libbb/lib.a(bb_strtonum.o)
                0x00026654                bb_strtoul
 .text.bb_strtol
                0x000266b4       0x68 libbb/lib.a(bb_strtonum.o)
                0x000266b4                bb_strtol
 .text.index_in_strings
                0x0002671c       0x54 libbb/lib.a(compare_string_array.o)
                0x0002671c                index_in_strings
 .text.index_in_substrings
                0x00026770       0x68 libbb/lib.a(compare_string_array.o)
                0x00026770                index_in_substrings
 .text.concat_path_file
                0x000267d8       0x60 libbb/lib.a(concat_path_file.o)
                0x000267d8                concat_path_file
 .text.concat_subpath_file
                0x00026838       0x44 libbb/lib.a(concat_subpath_file.o)
                0x00026838                concat_subpath_file
 .text.ask_and_unlink
                0x0002687c       0x74 libbb/lib.a(copy_file.o)
 .text.copy_file
                0x000268f0      0x614 libbb/lib.a(copy_file.o)
                0x000268f0                copy_file
 .text.bb_full_fd_action
                0x00026f04      0x100 libbb/lib.a(copyfd.o)
 .text.bb_copyfd_size
                0x00027004       0x18 libbb/lib.a(copyfd.o)
                0x00027004                bb_copyfd_size
 .text.bb_copyfd_exact_size
                0x0002701c       0x40 libbb/lib.a(copyfd.o)
                0x0002701c                bb_copyfd_exact_size
 .text.bb_copyfd_eof
                0x0002705c        0xc libbb/lib.a(copyfd.o)
                0x0002705c                bb_copyfd_eof
 .text.crc32_filltable
                0x00027068       0x8c libbb/lib.a(crc32.o)
                0x00027068                crc32_filltable
 .text.bb_error_msg
                0x000270f4       0x28 libbb/lib.a(error_msg.o)
                0x000270f4                bb_error_msg
 .text.xfunc_die
                0x0002711c       0x2c libbb/lib.a(error_msg_and_die.o)
                0x0002711c                xfunc_die
 .text.bb_error_msg_and_die
                0x00027148       0x20 libbb/lib.a(error_msg_and_die.o)
                0x00027148                bb_error_msg_and_die
 .text.fclose_if_not_stdin
                0x00027168       0x20 libbb/lib.a(fclose_nonstdin.o)
                0x00027168                fclose_if_not_stdin
 .text.fflush_stdout_and_exit
                0x00027188       0x34 libbb/lib.a(fflush_stdout_and_exit.o)
                0x00027188                fflush_stdout_and_exit
 .text.find_mount_point
                0x000271bc      0x11c libbb/lib.a(find_mount_point.o)
                0x000271bc                find_mount_point
 .text.find_block_device_in_dir
                0x000272d8      0x110 libbb/lib.a(find_root_device.o)
 .text.find_block_device
                0x000273e8       0x7c libbb/lib.a(find_root_device.o)
                0x000273e8                find_block_device
 .text.full_write
                0x00027464       0x4c libbb/lib.a(full_write.o)
                0x00027464                full_write
 .text.bb_get_last_path_component
                0x000274b0       0x48 libbb/lib.a(get_last_path_component.o)
                0x000274b0                bb_get_last_path_component
 .text.bb_get_chunk_from_file
                0x000274f8       0xa8 libbb/lib.a(get_line_from_file.o)
                0x000274f8                bb_get_chunk_from_file
 .text.xmalloc_fgets
                0x000275a0       0x10 libbb/lib.a(get_line_from_file.o)
                0x000275a0                xmalloc_fgets
 .text.xmalloc_getline
                0x000275b0       0x34 libbb/lib.a(get_line_from_file.o)
                0x000275b0                xmalloc_getline
 .text.getopt32
                0x000275e4      0x618 libbb/lib.a(getopt32.o)
                0x000275e4                getopt32
 .text.make_human_readable_str
                0x00027bfc      0x114 libbb/lib.a(human_readable.o)
                0x00027bfc                make_human_readable_str
 .text.is_in_ino_dev_hashtable
                0x00027d10       0x90 libbb/lib.a(inode_hash.o)
                0x00027d10                is_in_ino_dev_hashtable
 .text.add_to_ino_dev_hashtable
                0x00027da0       0x98 libbb/lib.a(inode_hash.o)
                0x00027da0                add_to_ino_dev_hashtable
 .text.is_directory
                0x00027e38       0x54 libbb/lib.a(isdirectory.o)
                0x00027e38                is_directory
 .text.last_char_is
                0x00027e8c       0x3c libbb/lib.a(last_char_is.o)
                0x00027e8c                last_char_is
 .text.llist_add_to
                0x00027ec8       0x28 libbb/lib.a(llist.o)
                0x00027ec8                llist_add_to
 .text.llist_add_to_end
                0x00027ef0       0x4c libbb/lib.a(llist.o)
                0x00027ef0                llist_add_to_end
 .text.llist_pop
                0x00027f3c       0x2c libbb/lib.a(llist.o)
                0x00027f3c                llist_pop
 .text.bb_make_directory
                0x00027f68      0x17c libbb/lib.a(make_directory.o)
                0x00027f68                bb_make_directory
 .text.bb_makedev
                0x000280e4       0x50 libbb/lib.a(makedev.o)
                0x000280e4                bb_makedev
 .text.md5_hash_block
                0x00028134      0x260 libbb/lib.a(md5.o)
 .text.md5_begin
                0x00028394       0x48 libbb/lib.a(md5.o)
                0x00028394                md5_begin
 .text.md5_hash
                0x000283dc       0x84 libbb/lib.a(md5.o)
                0x000283dc                md5_hash
 .text.md5_end  0x00028460       0xd0 libbb/lib.a(md5.o)
                0x00028460                md5_end
 .text.bb_mode_string
                0x00028530       0xa4 libbb/lib.a(mode_string.o)
                0x00028530                bb_mode_string
 .text.bb_parse_mode
                0x000285d4      0x254 libbb/lib.a(parse_mode.o)
                0x000285d4                bb_parse_mode
 .text.bb_perror_msg
                0x00028828       0x48 libbb/lib.a(perror_msg.o)
                0x00028828                bb_perror_msg
 .text.bb_perror_msg_and_die
                0x00028870       0x40 libbb/lib.a(perror_msg_and_die.o)
                0x00028870                bb_perror_msg_and_die
 .text.bb_perror_nomsg_and_die
                0x000288b0        0x8 libbb/lib.a(perror_nomsg_and_die.o)
                0x000288b0                bb_perror_nomsg_and_die
 .text.bb_process_escape_sequence
                0x000288b8       0xdc libbb/lib.a(process_escape_sequence.o)
                0x000288b8                bb_process_escape_sequence
 .text.fast_strtoul_10
                0x00028994       0x40 libbb/lib.a(procps.o)
 .text.skip_fields
                0x000289d4       0x24 libbb/lib.a(procps.o)
 .text.clear_cache
                0x000289f8       0x20 libbb/lib.a(procps.o)
 .text.read_to_buf
                0x00028a18       0x48 libbb/lib.a(procps.o)
 .text.get_cached
                0x00028a60       0x88 libbb/lib.a(procps.o)
 .text.clear_username_cache
                0x00028ae8       0x20 libbb/lib.a(procps.o)
                0x00028ae8                clear_username_cache
 .text.get_cached_username
                0x00028b08       0x18 libbb/lib.a(procps.o)
                0x00028b08                get_cached_username
 .text.get_cached_groupname
                0x00028b20       0x18 libbb/lib.a(procps.o)
                0x00028b20                get_cached_groupname
 .text.alloc_procps_scan
                0x00028b38       0x28 libbb/lib.a(procps.o)
                0x00028b38                alloc_procps_scan
 .text.free_procps_scan
                0x00028b60       0x24 libbb/lib.a(procps.o)
                0x00028b60                free_procps_scan
 .text.procps_scan
                0x00028b84      0x2d0 libbb/lib.a(procps.o)
                0x00028b84                procps_scan
 .text.read_cmdline
                0x00028e54       0x8c libbb/lib.a(procps.o)
                0x00028e54                read_cmdline
 .text.safe_read
                0x00028ee0       0x44 libbb/lib.a(read.o)
                0x00028ee0                safe_read
 .text.full_read
                0x00028f24       0x58 libbb/lib.a(read.o)
                0x00028f24                full_read
 .text.xread    0x00028f7c       0x24 libbb/lib.a(read.o)
                0x00028f7c                xread
 .text.xread_char
                0x00028fa0       0x18 libbb/lib.a(read.o)
                0x00028fa0                xread_char
 .text.read_close
                0x00028fb8       0x20 libbb/lib.a(read.o)
                0x00028fb8                read_close
 .text.open_read_close
                0x00028fd8       0x2c libbb/lib.a(read.o)
                0x00028fd8                open_read_close
 .text.xmalloc_open_read_close
                0x00029004       0xcc libbb/lib.a(read.o)
                0x00029004                xmalloc_open_read_close
 .text.true_action
                0x000290d0        0x8 libbb/lib.a(recursive_action.o)
 .text.recursive_action
                0x000290d8      0x1c4 libbb/lib.a(recursive_action.o)
                0x000290d8                recursive_action
 .text.remove_file
                0x0002929c      0x23c libbb/lib.a(remove_file.o)
                0x0002929c                remove_file
 .text.safe_strncpy
                0x000294d8       0x18 libbb/lib.a(safe_strncpy.o)
                0x000294d8                safe_strncpy
 .text.safe_write
                0x000294f0       0x44 libbb/lib.a(safe_write.o)
                0x000294f0                safe_write
 .text.skip_whitespace
                0x00029534       0x24 libbb/lib.a(skip_whitespace.o)
                0x00029534                skip_whitespace
 .text.bb_verror_msg
                0x00029558      0x190 libbb/lib.a(verror_msg.o)
                0x00029558                bb_verror_msg
 .text.spawn    0x000296e8       0x70 libbb/lib.a(vfork_daemon_rexec.o)
                0x000296e8                spawn
 .text.wait4pid
                0x00029758       0x4c libbb/lib.a(vfork_daemon_rexec.o)
                0x00029758                wait4pid
 .text.spawn_and_wait
                0x000297a4       0x10 libbb/lib.a(vfork_daemon_rexec.o)
                0x000297a4                spawn_and_wait
 .text.forkexit_or_rexec
                0x000297b4       0x28 libbb/lib.a(vfork_daemon_rexec.o)
                0x000297b4                forkexit_or_rexec
 .text.bb_daemonize_or_rexec
                0x000297dc       0xc4 libbb/lib.a(vfork_daemon_rexec.o)
                0x000297dc                bb_daemonize_or_rexec
 .text.fopen_or_warn
                0x000298a0       0x3c libbb/lib.a(wfopen.o)
                0x000298a0                fopen_or_warn
 .text.fopen_or_warn_stdin
                0x000298dc       0x50 libbb/lib.a(wfopen_input.o)
                0x000298dc                fopen_or_warn_stdin
 .text.xstrtoull_range_sfx
                0x0002992c      0x188 libbb/lib.a(xatonum.o)
                0x0002992c                xstrtoull_range_sfx
 .text.xatoull_sfx
                0x00029ab4       0x2c libbb/lib.a(xatonum.o)
                0x00029ab4                xatoull_sfx
 .text.xstrtoul_range_sfx
                0x00029ae0      0x12c libbb/lib.a(xatonum.o)
                0x00029ae0                xstrtoul_range_sfx
 .text.xstrtoul
                0x00029c0c       0x18 libbb/lib.a(xatonum.o)
                0x00029c0c                xstrtoul
 .text.xatoul_range_sfx
                0x00029c24       0x24 libbb/lib.a(xatonum.o)
                0x00029c24                xatoul_range_sfx
 .text.xatoul_range
                0x00029c48       0x24 libbb/lib.a(xatonum.o)
                0x00029c48                xatoul_range
 .text.xatoul_sfx
                0x00029c6c       0x1c libbb/lib.a(xatonum.o)
                0x00029c6c                xatoul_sfx
 .text.xatoul   0x00029c88        0x8 libbb/lib.a(xatonum.o)
                0x00029c88                xatoul
 .text.xstrtol_range_sfx
                0x00029c90       0x84 libbb/lib.a(xatonum.o)
                0x00029c90                xstrtol_range_sfx
 .text.xatol_range
                0x00029d14       0x24 libbb/lib.a(xatonum.o)
                0x00029d14                xatol_range
 .text.xatoi_u  0x00029d38        0xc libbb/lib.a(xatonum.o)
                0x00029d38                xatoi_u
 .text.xatou16  0x00029d44       0x18 libbb/lib.a(xatonum.o)
                0x00029d44                xatou16
 .text.malloc_or_warn
                0x00029d5c       0x3c libbb/lib.a(xfuncs.o)
                0x00029d5c                malloc_or_warn
 .text.xmalloc  0x00029d98       0x30 libbb/lib.a(xfuncs.o)
                0x00029d98                xmalloc
 .text.xrealloc
                0x00029dc8       0x30 libbb/lib.a(xfuncs.o)
                0x00029dc8                xrealloc
 .text.xzalloc  0x00029df8       0x24 libbb/lib.a(xfuncs.o)
                0x00029df8                xzalloc
 .text.xstrdup  0x00029e1c       0x2c libbb/lib.a(xfuncs.o)
                0x00029e1c                xstrdup
 .text.xstrndup
                0x00029e48       0x50 libbb/lib.a(xfuncs.o)
                0x00029e48                xstrndup
 .text.xfopen   0x00029e98       0x24 libbb/lib.a(xfuncs.o)
                0x00029e98                xfopen
 .text.xopen3   0x00029ebc       0x24 libbb/lib.a(xfuncs.o)
                0x00029ebc                xopen3
 .text.xopen    0x00029ee0        0x8 libbb/lib.a(xfuncs.o)
                0x00029ee0                xopen
 .text.open3_or_warn
                0x00029ee8       0x2c libbb/lib.a(xfuncs.o)
                0x00029ee8                open3_or_warn
 .text.open_or_warn
                0x00029f14        0x8 libbb/lib.a(xfuncs.o)
                0x00029f14                open_or_warn
 .text.xpipe    0x00029f1c       0x1c libbb/lib.a(xfuncs.o)
                0x00029f1c                xpipe
 .text.xunlink  0x00029f38       0x24 libbb/lib.a(xfuncs.o)
                0x00029f38                xunlink
 .text.ndelay_on
                0x00029f5c       0x24 libbb/lib.a(xfuncs.o)
                0x00029f5c                ndelay_on
 .text.ndelay_off
                0x00029f80       0x24 libbb/lib.a(xfuncs.o)
                0x00029f80                ndelay_off
 .text.xdup2    0x00029fa4       0x20 libbb/lib.a(xfuncs.o)
                0x00029fa4                xdup2
 .text.xmove_fd
                0x00029fc4       0x20 libbb/lib.a(xfuncs.o)
                0x00029fc4                xmove_fd
 .text.xwrite   0x00029fe4       0x24 libbb/lib.a(xfuncs.o)
                0x00029fe4                xwrite
 .text.xlseek   0x0002a008       0x54 libbb/lib.a(xfuncs.o)
                0x0002a008                xlseek
 .text.die_if_ferror
                0x0002a05c       0x24 libbb/lib.a(xfuncs.o)
                0x0002a05c                die_if_ferror
 .text.die_if_ferror_stdout
                0x0002a080       0x18 libbb/lib.a(xfuncs.o)
                0x0002a080                die_if_ferror_stdout
 .text.xsetenv  0x0002a098       0x20 libbb/lib.a(xfuncs.o)
                0x0002a098                xsetenv
 .text.utoa_to_buf
                0x0002a0b8       0x84 libbb/lib.a(xfuncs.o)
                0x0002a0b8                utoa_to_buf
 .text.itoa_to_buf
                0x0002a13c       0x28 libbb/lib.a(xfuncs.o)
                0x0002a13c                itoa_to_buf
 .text.itoa     0x0002a164       0x28 libbb/lib.a(xfuncs.o)
                0x0002a164                itoa
 .text.bin2hex  0x0002a18c       0x50 libbb/lib.a(xfuncs.o)
                0x0002a18c                bin2hex
 .text.xsetgid  0x0002a1dc       0x1c libbb/lib.a(xfuncs.o)
                0x0002a1dc                xsetgid
 .text.xsetuid  0x0002a1f8       0x1c libbb/lib.a(xfuncs.o)
                0x0002a1f8                xsetuid
 .text.xasprintf
                0x0002a214       0x40 libbb/lib.a(xfuncs.o)
                0x0002a214                xasprintf
 .text.xprint_and_close_file
                0x0002a254       0x48 libbb/lib.a(xfuncs.o)
                0x0002a254                xprint_and_close_file
 .text.xchdir   0x0002a29c       0x24 libbb/lib.a(xfuncs.o)
                0x0002a29c                xchdir
 .text.warn_opendir
                0x0002a2c0       0x2c libbb/lib.a(xfuncs.o)
                0x0002a2c0                warn_opendir
 .text.xopendir
                0x0002a2ec       0x24 libbb/lib.a(xfuncs.o)
                0x0002a2ec                xopendir
 .text.xsocket  0x0002a310       0x1c libbb/lib.a(xfuncs.o)
                0x0002a310                xsocket
 .text.xbind    0x0002a32c       0x1c libbb/lib.a(xfuncs.o)
                0x0002a32c                xbind
 .text.xlisten  0x0002a348       0x1c libbb/lib.a(xfuncs.o)
                0x0002a348                xlisten
 .text.xsendto  0x0002a364       0x30 libbb/lib.a(xfuncs.o)
                0x0002a364                xsendto
 .text.xstat    0x0002a394       0x24 libbb/lib.a(xfuncs.o)
                0x0002a394                xstat
 .text.get_terminal_width_height
                0x0002a3b8       0xd8 libbb/lib.a(xfuncs.o)
                0x0002a3b8                get_terminal_width_height
 .text.ioctl_or_perror_and_die
                0x0002a490       0x50 libbb/lib.a(xfuncs.o)
                0x0002a490                ioctl_or_perror_and_die
 .text.bb_ioctl_or_warn
                0x0002a4e0       0x2c libbb/lib.a(xfuncs.o)
                0x0002a4e0                bb_ioctl_or_warn
 .text.bb_xioctl
                0x0002a50c       0x24 libbb/lib.a(xfuncs.o)
                0x0002a50c                bb_xioctl
 .text.xrealloc_getcwd_or_warn
                0x0002a530       0x88 libbb/lib.a(xgetcwd.o)
                0x0002a530                xrealloc_getcwd_or_warn
 .text.xmalloc_readlink
                0x0002a5b8       0x64 libbb/lib.a(xreadlink.o)
                0x0002a5b8                xmalloc_readlink
 .text.xmalloc_readlink_or_warn
                0x0002a61c       0x2c libbb/lib.a(xreadlink.o)
                0x0002a61c                xmalloc_readlink_or_warn
 .text.regcomp_or_errmsg
                0x0002a648       0x50 libbb/lib.a(xregcomp.o)
                0x0002a648                regcomp_or_errmsg
 .text.xregcomp
                0x0002a698       0x1c libbb/lib.a(xregcomp.o)
                0x0002a698                xregcomp
 .text.addgroup_main
                0x0002a6b4      0x130 loginutils/lib.a(addgroup.o)
                0x0002a6b4                addgroup_main
 .text.passwd_study.clone.0
                0x0002a7e4      0x11c loginutils/lib.a(adduser.o)
 .text.adduser_main
                0x0002a900      0x2c8 loginutils/lib.a(adduser.o)
                0x0002a900                adduser_main
 .text.del_line_matching
                0x0002abc8       0xf8 loginutils/lib.a(deluser.o)
 .text.deluser_main
                0x0002acc0       0xa4 loginutils/lib.a(deluser.o)
                0x0002acc0                deluser_main
 .text.nuke_str
                0x0002ad64       0x24 loginutils/lib.a(passwd.o)
 .text.passwd_main
                0x0002ad88      0x4b4 loginutils/lib.a(passwd.o)
                0x0002ad88                passwd_main
 .text.su_main  0x0002b23c      0x174 loginutils/lib.a(su.o)
                0x0002b23c                su_main
 .text.DeleteFile
                0x0002b3b0       0xb0 miscutils/lib.a(crond.o)
 .text.crondlog
                0x0002b460       0xd8 miscutils/lib.a(crond.o)
 .text.ParseField
                0x0002b538      0x2c4 miscutils/lib.a(crond.o)
 .text.SynchronizeFile
                0x0002b7fc      0x324 miscutils/lib.a(crond.o)
 .text.CheckUpdates
                0x0002bb20       0x70 miscutils/lib.a(crond.o)
 .text.SynchronizeDir
                0x0002bb90       0xf8 miscutils/lib.a(crond.o)
 .text.crond_main
                0x0002bc88      0x630 miscutils/lib.a(crond.o)
                0x0002bc88                crond_main
 .text.ChangeUser
                0x0002c2b8       0xb0 miscutils/lib.a(crontab.o)
 .text.crontab_main
                0x0002c368      0x640 miscutils/lib.a(crontab.o)
                0x0002c368                crontab_main
 .text.clear_line
                0x0002c9a8       0x20 miscutils/lib.a(less.o)
 .text.print_statusline
                0x0002c9c8       0x34 miscutils/lib.a(less.o)
 .text.read_lines
                0x0002c9fc      0x35c miscutils/lib.a(less.o)
 .text.print_hilite
                0x0002cd58       0x10 miscutils/lib.a(less.o)
 .text.print_ascii
                0x0002cd68      0x100 miscutils/lib.a(less.o)
 .text.set_tty_cooked
                0x0002ce68       0x34 miscutils/lib.a(less.o)
 .text.less_gets
                0x0002ce9c       0xf8 miscutils/lib.a(less.o)
 .text.sig_catcher
                0x0002cf94       0x10 miscutils/lib.a(less.o)
 .text.less_exit.clone.1
                0x0002cfa4       0x20 miscutils/lib.a(less.o)
 .text.buffer_print
                0x0002cfc4       0xc0 miscutils/lib.a(less.o)
 .text.buffer_fill_and_print
                0x0002d084       0x7c miscutils/lib.a(less.o)
 .text.reinitialize
                0x0002d100       0xcc miscutils/lib.a(less.o)
 .text.change_file
                0x0002d1cc       0x80 miscutils/lib.a(less.o)
 .text.examine_file
                0x0002d24c       0x4c miscutils/lib.a(less.o)
 .text.buffer_down
                0x0002d298       0x84 miscutils/lib.a(less.o)
 .text.buffer_up
                0x0002d31c       0x34 miscutils/lib.a(less.o)
 .text.buffer_line
                0x0002d350       0x44 miscutils/lib.a(less.o)
 .text.less_getch
                0x0002d394      0x1d8 miscutils/lib.a(less.o)
 .text.less_main
                0x0002d56c      0x6f8 miscutils/lib.a(less.o)
                0x0002d56c                less_main
 .text.obj_find_symbol
                0x0002dc64       0x58 modutils/lib.a(insmod.o)
 .text.obj_elf_hash
                0x0002dcbc       0x3c modutils/lib.a(insmod.o)
 .text.obj_extend_section
                0x0002dcf8       0x34 modutils/lib.a(insmod.o)
 .text.obj_load_order_prio
                0x0002dd2c       0x78 modutils/lib.a(insmod.o)
 .text.obj_find_section
                0x0002dda4       0x4c modutils/lib.a(insmod.o)
 .text.arch_new_section
                0x0002ddf0        0x8 modutils/lib.a(insmod.o)
 .text.arch_new_symbol
                0x0002ddf8       0x24 modutils/lib.a(insmod.o)
 .text.obj_add_symbol
                0x0002de1c      0x1cc modutils/lib.a(insmod.o)
 .text.obj_allocate_commons
                0x0002dfe8      0x264 modutils/lib.a(insmod.o)
 .text.get_modinfo_value
                0x0002e24c       0xc8 modutils/lib.a(insmod.o)
 .text.obj_gpl_license
                0x0002e314       0xd0 modutils/lib.a(insmod.o)
 .text.add_symbols_from
                0x0002e3e4       0xd8 modutils/lib.a(insmod.o)
 .text.print_load_map
                0x0002e4bc      0x258 modutils/lib.a(insmod.o)
 .text.check_module_name_match
                0x0002e714       0x70 modutils/lib.a(insmod.o)
 .text.obj_symbol_final_value.clone.1
                0x0002e784       0x34 modutils/lib.a(insmod.o)
 .text.obj_insert_section_load_order.clone.4
                0x0002e7b8       0x48 modutils/lib.a(insmod.o)
 .text.obj_create_alloced_section
                0x0002e800       0x94 modutils/lib.a(insmod.o)
 .text.obj_string_patch
                0x0002e894       0x94 modutils/lib.a(insmod.o)
 .text.new_process_module_arguments
                0x0002e928      0x5cc modutils/lib.a(insmod.o)
 .text.obj_symbol_patch.clone.5
                0x0002eef4       0x30 modutils/lib.a(insmod.o)
 .text.new_add_ksymtab
                0x0002ef24       0xa4 modutils/lib.a(insmod.o)
 .text.new_create_module_ksymtab
                0x0002efc8      0x228 modutils/lib.a(insmod.o)
 .text.obj_load.clone.6
                0x0002f1f0      0x458 modutils/lib.a(insmod.o)
 .text.set_tainted.clone.7
                0x0002f648       0xd0 modutils/lib.a(insmod.o)
 .text.arch_single_init.clone.0.clone.9
                0x0002f718       0x2c modutils/lib.a(insmod.o)
 .text.arch_xsect_init.clone.10
                0x0002f744       0x4c modutils/lib.a(insmod.o)
 .text.insmod_ng_main
                0x0002f790      0x13c modutils/lib.a(insmod.o)
                0x0002f790                insmod_ng_main
 .text.insmod_main
                0x0002f8cc     0x15a8 modutils/lib.a(insmod.o)
                0x0002f8cc                insmod_main
 .text.lsmod_main
                0x00030e74      0x1dc modutils/lib.a(lsmod.o)
                0x00030e74                lsmod_main
 .text.rmmod_main
                0x00031050      0x13c modutils/lib.a(rmmod.o)
                0x00031050                rmmod_main
 .text.arp_show
                0x0003118c      0x328 networking/lib.a(arp.o)
 .text.arp_main
                0x000314b4      0x6a8 networking/lib.a(arp.o)
                0x000314b4                arp_main
 .text.do_sethostname
                0x00031b5c       0xb4 networking/lib.a(hostname.o)
 .text.hostname_main
                0x00031c10      0x148 networking/lib.a(hostname.o)
                0x00031c10                hostname_main
 .text.ifconfig_main
                0x00031d58      0x4fc networking/lib.a(ifconfig.o)
                0x00031d58                ifconfig_main
 .text.get_afntype
                0x00032254       0x2c networking/lib.a(interface.o)
 .text.hexchar2int
                0x00032280       0x28 networking/lib.a(interface.o)
 .text.in_ether
                0x000322a8       0xb4 networking/lib.a(interface.o)
 .text.add_interface
                0x0003235c       0x94 networking/lib.a(interface.o)
 .text.if_readconf
                0x000323f0       0xc8 networking/lib.a(interface.o)
 .text.if_readlist_proc
                0x000324b8      0x2d4 networking/lib.a(interface.o)
 .text.do_if_fetch
                0x0003278c      0x318 networking/lib.a(interface.o)
 .text.print_bytes_scaled
                0x00032aa4       0x84 networking/lib.a(interface.o)
 .text.UNSPEC_print
                0x00032b28       0x60 networking/lib.a(interface.o)
 .text.UNSPEC_sprint
                0x00032b88       0x2c networking/lib.a(interface.o)
 .text.INET6_input
                0x00032bb4        0x4 networking/lib.a(interface.o)
 .text.INET_input
                0x00032bb8        0x8 networking/lib.a(interface.o)
 .text.INET_sprint
                0x00032bc0       0x58 networking/lib.a(interface.o)
 .text.INET6_sprint
                0x00032c18       0x54 networking/lib.a(interface.o)
 .text.pr_ether
                0x00032c6c       0x58 networking/lib.a(interface.o)
 .text.get_aftype
                0x00032cc4       0x3c networking/lib.a(interface.o)
                0x00032cc4                get_aftype
 .text.get_hwtype
                0x00032d00       0x3c networking/lib.a(interface.o)
                0x00032d00                get_hwtype
 .text.get_hwntype
                0x00032d3c       0x2c networking/lib.a(interface.o)
                0x00032d3c                get_hwntype
 .text.ife_print
                0x00032d68      0x5cc networking/lib.a(interface.o)
 .text.display_interfaces
                0x00033334       0xd8 networking/lib.a(interface.o)
                0x00033334                display_interfaces
 .text.ip_do    0x0003340c       0x3c networking/lib.a(ip.o)
 .text.ip_print_help
                0x00033448        0x8 networking/lib.a(ip.o)
 .text.ipaddr_main
                0x00033450       0x18 networking/lib.a(ip.o)
                0x00033450                ipaddr_main
 .text.iplink_main
                0x00033468       0x18 networking/lib.a(ip.o)
                0x00033468                iplink_main
 .text.iproute_main
                0x00033480       0x18 networking/lib.a(ip.o)
                0x00033480                iproute_main
 .text.iprule_main
                0x00033498       0x18 networking/lib.a(ip.o)
                0x00033498                iprule_main
 .text.iptunnel_main
                0x000334b0       0x18 networking/lib.a(ip.o)
                0x000334b0                iptunnel_main
 .text.ip_main  0x000334c8       0xd0 networking/lib.a(ip.o)
                0x000334c8                ip_main
 .text.do_info  0x00033598       0xb0 networking/lib.a(netstat.o)
 .text.build_ipv4_addr
                0x00033648       0x24 networking/lib.a(netstat.o)
 .text.unix_do_one
                0x0003366c      0x2f0 networking/lib.a(netstat.o)
 .text.build_ipv6_addr
                0x0003395c       0x6c networking/lib.a(netstat.o)
 .text.ip_port_str
                0x000339c8       0x90 networking/lib.a(netstat.o)
 .text.raw_do_one
                0x00033a58      0x1fc networking/lib.a(netstat.o)
 .text.udp_do_one
                0x00033c54      0x204 networking/lib.a(netstat.o)
 .text.tcp_do_one
                0x00033e58      0x1b8 networking/lib.a(netstat.o)
 .text.netstat_main
                0x00034010      0x290 networking/lib.a(netstat.o)
                0x00034010                netstat_main
 .text.print_host
                0x000342a0       0xec networking/lib.a(nslookup.o)
 .text.nslookup_main
                0x0003438c       0xac networking/lib.a(nslookup.o)
                0x0003438c                nslookup_main
 .text.sendping_tail
                0x00034438       0xd4 networking/lib.a(ping.o)
 .text.sendping6
                0x0003450c       0x78 networking/lib.a(ping.o)
 .text.sendping4
                0x00034584       0xc4 networking/lib.a(ping.o)
 .text.pingstats
                0x00034648      0x14c networking/lib.a(ping.o)
 .text.unpack_tail
                0x00034794      0x14c networking/lib.a(ping.o)
 .text.noresp   0x000348e0       0x18 networking/lib.a(ping.o)
 .text.ping6.clone.0
                0x000348f8      0x37c networking/lib.a(ping.o)
 .text.ping4.clone.1
                0x00034c74      0x224 networking/lib.a(ping.o)
 .text.ping_main
                0x00034e98      0x1f4 networking/lib.a(ping.o)
                0x00034e98                ping_main
 .text.ping6_main
                0x0003508c       0x14 networking/lib.a(ping.o)
                0x0003508c                ping6_main
 .text.set_flags
                0x000350a0       0x3c networking/lib.a(route.o)
 .text.kw_lookup
                0x000350dc       0x84 networking/lib.a(route.o)
 .text.INET6_displayroutes.clone.0
                0x00035160      0x204 networking/lib.a(route.o)
 .text.bb_displayroutes
                0x00035364      0x1f0 networking/lib.a(route.o)
                0x00035364                bb_displayroutes
 .text.route_main
                0x00035554      0x6d0 networking/lib.a(route.o)
                0x00035554                route_main
 .text.putiac   0x00035c24       0x20 networking/lib.a(telnet.o)
 .text.fgotsig  0x00035c44       0x10 networking/lib.a(telnet.o)
 .text.iacflush
                0x00035c54       0x28 networking/lib.a(telnet.o)
 .text.putiac2  0x00035c7c       0x40 networking/lib.a(telnet.o)
 .text.rawmode  0x00035cbc       0x24 networking/lib.a(telnet.o)
 .text.cookmode
                0x00035ce0       0x24 networking/lib.a(telnet.o)
 .text.setConMode
                0x00035d04       0x70 networking/lib.a(telnet.o)
 .text.doexit   0x00035d74       0x14 networking/lib.a(telnet.o)
 .text.conescape
                0x00035d88      0x148 networking/lib.a(telnet.o)
 .text.telnet_main
                0x00035ed0      0x738 networking/lib.a(telnet.o)
                0x00035ed0                telnet_main
 .text.send_iac
                0x00036608       0x3c networking/lib.a(telnetd.o)
 .text.free_session
                0x00036644       0xd0 networking/lib.a(telnetd.o)
 .text.make_new_session
                0x00036714      0x2bc networking/lib.a(telnetd.o)
 .text.telnetd_main
                0x000369d0      0x6a0 networking/lib.a(telnetd.o)
                0x000369d0                telnetd_main
 .text.tftp.clone.0
                0x00037070      0x45c networking/lib.a(tftp.o)
 .text.tftp_main
                0x000374cc      0x144 networking/lib.a(tftp.o)
                0x000374cc                tftp_main
 .text.ip_parse_common_args
                0x00037610      0x16c networking/libiproute/lib.a(ip_parse_common_args.o)
                0x00037610                ip_parse_common_args
 .text.ipaddr_modify
                0x0003777c      0x5a4 networking/libiproute/lib.a(ipaddress.o)
 .text.flush_update
                0x00037d20       0x44 networking/libiproute/lib.a(ipaddress.o)
 .text.print_addrinfo
                0x00037d64      0x5b0 networking/libiproute/lib.a(ipaddress.o)
 .text.store_nlmsg
                0x00038314       0x70 networking/libiproute/lib.a(ipaddress.o)
 .text.ipaddr_list_or_flush
                0x00038384      0xa44 networking/libiproute/lib.a(ipaddress.o)
                0x00038384                ipaddr_list_or_flush
 .text.do_ipaddr
                0x00038dc8       0x90 networking/libiproute/lib.a(ipaddress.o)
                0x00038dc8                do_ipaddr
 .text.on_off   0x00038e58       0x14 networking/libiproute/lib.a(iplink.o)
 .text.get_ctl_fd
                0x00038e6c       0x48 networking/libiproute/lib.a(iplink.o)
 .text.ipaddr_list_link
                0x00038eb4       0x18 networking/libiproute/lib.a(iplink.o)
 .text.do_iplink
                0x00038ecc      0x4d0 networking/libiproute/lib.a(iplink.o)
                0x00038ecc                do_iplink
 .text.iproute_reset_filter
                0x0003939c       0x2c networking/libiproute/lib.a(iproute.o)
 .text.flush_update
                0x000393c8       0x44 networking/libiproute/lib.a(iproute.o)
 .text.print_route
                0x0003940c      0x760 networking/libiproute/lib.a(iproute.o)
 .text.iproute_get
                0x00039b6c      0x430 networking/libiproute/lib.a(iproute.o)
 .text.iproute_list_or_flush
                0x00039f9c      0x520 networking/libiproute/lib.a(iproute.o)
 .text.iproute_modify
                0x0003a4bc      0x4d0 networking/libiproute/lib.a(iproute.o)
 .text.do_iproute
                0x0003a98c       0xe0 networking/libiproute/lib.a(iproute.o)
                0x0003a98c                do_iproute
 .text.print_rule
                0x0003aa6c      0x370 networking/libiproute/lib.a(iprule.o)
 .text.iprule_modify
                0x0003addc      0x400 networking/libiproute/lib.a(iprule.o)
 .text.iprule_list.clone.0
                0x0003b1dc       0x74 networking/libiproute/lib.a(iprule.o)
 .text.do_iprule
                0x0003b250       0x80 networking/libiproute/lib.a(iprule.o)
                0x0003b250                do_iprule
 .text.do_get_ioctl
                0x0003b2d0       0x5c networking/libiproute/lib.a(iptunnel.o)
 .text.parse_args
                0x0003b32c      0x6b0 networking/libiproute/lib.a(iptunnel.o)
 .text.do_add_ioctl
                0x0003b9dc       0x74 networking/libiproute/lib.a(iptunnel.o)
 .text.do_add   0x0003ba50       0xa4 networking/libiproute/lib.a(iptunnel.o)
 .text.do_del_ioctl
                0x0003baf4       0x64 networking/libiproute/lib.a(iptunnel.o)
 .text.print_tunnel
                0x0003bb58      0x304 networking/libiproute/lib.a(iptunnel.o)
 .text.do_tunnels_list
                0x0003be5c      0x2a8 networking/libiproute/lib.a(iptunnel.o)
 .text.do_iptunnel
                0x0003c104      0x194 networking/libiproute/lib.a(iptunnel.o)
                0x0003c104                do_iptunnel
 .text.rtnl_dump_filter
                0x0003c298      0x1ec networking/libiproute/lib.a(libnetlink.o)
 .text.xrtnl_open
                0x0003c484       0xbc networking/libiproute/lib.a(libnetlink.o)
                0x0003c484                xrtnl_open
 .text.xrtnl_wilddump_request
                0x0003c540       0x84 networking/libiproute/lib.a(libnetlink.o)
                0x0003c540                xrtnl_wilddump_request
 .text.rtnl_send
                0x0003c5c4       0x54 networking/libiproute/lib.a(libnetlink.o)
                0x0003c5c4                rtnl_send
 .text.xrtnl_dump_filter
                0x0003c618       0x1c networking/libiproute/lib.a(libnetlink.o)
                0x0003c618                xrtnl_dump_filter
 .text.rtnl_talk
                0x0003c634      0x304 networking/libiproute/lib.a(libnetlink.o)
                0x0003c634                rtnl_talk
 .text.addattr32
                0x0003c938       0x64 networking/libiproute/lib.a(libnetlink.o)
                0x0003c938                addattr32
 .text.addattr_l
                0x0003c99c       0x68 networking/libiproute/lib.a(libnetlink.o)
                0x0003c99c                addattr_l
 .text.rta_addattr32
                0x0003ca04       0x64 networking/libiproute/lib.a(libnetlink.o)
                0x0003ca04                rta_addattr32
 .text.parse_rtattr
                0x0003ca68       0x68 networking/libiproute/lib.a(libnetlink.o)
                0x0003ca68                parse_rtattr
 .text.ll_addr_n2a
                0x0003cad0       0xc0 networking/libiproute/lib.a(ll_addr.o)
                0x0003cad0                ll_addr_n2a
 .text.ll_addr_a2n
                0x0003cb90       0xec networking/libiproute/lib.a(ll_addr.o)
                0x0003cb90                ll_addr_a2n
 .text.find_by_index
                0x0003cc7c       0x34 networking/libiproute/lib.a(ll_map.o)
 .text.ll_remember_index
                0x0003ccb0      0x114 networking/libiproute/lib.a(ll_map.o)